Component: ARM Compiler 5.06 update 6 (build 750) Tool: armlink [4d35ed]

==============================================================================

Section Cross References

    startup_stm32f103xb.o(STACK) refers (Special) to heapauxi.o(.text) for __use_two_region_memory
    startup_stm32f103xb.o(HEAP) refers (Special) to heapauxi.o(.text) for __use_two_region_memory
    startup_stm32f103xb.o(RESET) refers (Special) to heapauxi.o(.text) for __use_two_region_memory
    startup_stm32f103xb.o(RESET) refers to startup_stm32f103xb.o(STACK) for __initial_sp
    startup_stm32f103xb.o(RESET) refers to startup_stm32f103xb.o(.text) for Reset_Handler
    startup_stm32f103xb.o(RESET) refers to stm32f1xx_it.o(i.NMI_Handler) for NMI_Handler
    startup_stm32f103xb.o(RESET) refers to stm32f1xx_it.o(i.HardFault_Handler) for HardFault_Handler
    startup_stm32f103xb.o(RESET) refers to stm32f1xx_it.o(i.MemManage_Handler) for MemManage_Handler
    startup_stm32f103xb.o(RESET) refers to stm32f1xx_it.o(i.BusFault_Handler) for BusFault_Handler
    startup_stm32f103xb.o(RESET) refers to stm32f1xx_it.o(i.UsageFault_Handler) for UsageFault_Handler
    startup_stm32f103xb.o(RESET) refers to stm32f1xx_it.o(i.SVC_Handler) for SVC_Handler
    startup_stm32f103xb.o(RESET) refers to stm32f1xx_it.o(i.DebugMon_Handler) for DebugMon_Handler
    startup_stm32f103xb.o(RESET) refers to stm32f1xx_it.o(i.PendSV_Handler) for PendSV_Handler
    startup_stm32f103xb.o(RESET) refers to stm32f1xx_it.o(i.SysTick_Handler) for SysTick_Handler
    startup_stm32f103xb.o(RESET) refers to stm32f1xx_it.o(i.EXTI1_IRQHandler) for EXTI1_IRQHandler
    startup_stm32f103xb.o(RESET) refers to stm32f1xx_it.o(i.EXTI3_IRQHandler) for EXTI3_IRQHandler
    startup_stm32f103xb.o(RESET) refers to stm32f1xx_it.o(i.EXTI4_IRQHandler) for EXTI4_IRQHandler
    startup_stm32f103xb.o(RESET) refers to stm32f1xx_it.o(i.EXTI9_5_IRQHandler) for EXTI9_5_IRQHandler
    startup_stm32f103xb.o(RESET) refers to stm32f1xx_it.o(i.USART1_IRQHandler) for USART1_IRQHandler
    startup_stm32f103xb.o(RESET) refers to stm32f1xx_it.o(i.EXTI15_10_IRQHandler) for EXTI15_10_IRQHandler
    startup_stm32f103xb.o(.text) refers (Special) to heapauxi.o(.text) for __use_two_region_memory
    startup_stm32f103xb.o(.text) refers to system_stm32f1xx.o(i.SystemInit) for SystemInit
    startup_stm32f103xb.o(.text) refers to __main.o(!!!main) for __main
    startup_stm32f103xb.o(.text) refers to startup_stm32f103xb.o(HEAP) for Heap_Mem
    startup_stm32f103xb.o(.text) refers to startup_stm32f103xb.o(STACK) for Stack_Mem
    clcd_i2c.o(i.CLCD_I2C_BlinkOff) refers to clcd_i2c.o(i.CLCD_WriteI2C) for CLCD_WriteI2C
    clcd_i2c.o(i.CLCD_I2C_BlinkOn) refers to clcd_i2c.o(i.CLCD_WriteI2C) for CLCD_WriteI2C
    clcd_i2c.o(i.CLCD_I2C_Clear) refers to clcd_i2c.o(i.CLCD_WriteI2C) for CLCD_WriteI2C
    clcd_i2c.o(i.CLCD_I2C_Clear) refers to stm32f1xx_hal.o(i.HAL_Delay) for HAL_Delay
    clcd_i2c.o(i.CLCD_I2C_CursorOff) refers to clcd_i2c.o(i.CLCD_WriteI2C) for CLCD_WriteI2C
    clcd_i2c.o(i.CLCD_I2C_CursorOn) refers to clcd_i2c.o(i.CLCD_WriteI2C) for CLCD_WriteI2C
    clcd_i2c.o(i.CLCD_I2C_Init) refers to stm32f1xx_hal.o(i.HAL_Delay) for HAL_Delay
    clcd_i2c.o(i.CLCD_I2C_Init) refers to clcd_i2c.o(i.CLCD_WriteI2C) for CLCD_WriteI2C
    clcd_i2c.o(i.CLCD_I2C_ReturnHome) refers to clcd_i2c.o(i.CLCD_WriteI2C) for CLCD_WriteI2C
    clcd_i2c.o(i.CLCD_I2C_ReturnHome) refers to stm32f1xx_hal.o(i.HAL_Delay) for HAL_Delay
    clcd_i2c.o(i.CLCD_I2C_SetCursor) refers to clcd_i2c.o(i.CLCD_WriteI2C) for CLCD_WriteI2C
    clcd_i2c.o(i.CLCD_I2C_WriteChar) refers to clcd_i2c.o(i.CLCD_WriteI2C) for CLCD_WriteI2C
    clcd_i2c.o(i.CLCD_I2C_WriteString) refers to clcd_i2c.o(i.CLCD_I2C_WriteChar) for CLCD_I2C_WriteChar
    clcd_i2c.o(i.CLCD_WriteI2C) refers to stm32f1xx_hal.o(i.HAL_Delay) for HAL_Delay
    clcd_i2c.o(i.CLCD_WriteI2C) refers to stm32f1xx_hal_i2c.o(i.HAL_I2C_Master_Transmit) for HAL_I2C_Master_Transmit
    delay_timer.o(i.DELAY_TIM_Init) refers to stm32f1xx_hal_tim.o(i.HAL_TIM_Base_Start) for HAL_TIM_Base_Start
    ds18b20.o(i.DS18B20_DelayMs) refers to delay_timer.o(i.DELAY_TIM_Ms) for DELAY_TIM_Ms
    ds18b20.o(i.DS18B20_DelayUs) refers to delay_timer.o(i.DELAY_TIM_Us) for DELAY_TIM_Us
    ds18b20.o(i.DS18B20_Init) refers to delay_timer.o(i.DELAY_TIM_Init) for DELAY_TIM_Init
    ds18b20.o(i.DS18B20_Read) refers to ds18b20.o(i.DS18B20_SetPinIn) for DS18B20_SetPinIn
    ds18b20.o(i.DS18B20_Read) refers to ds18b20.o(i.DS18B20_SetPinOut) for DS18B20_SetPinOut
    ds18b20.o(i.DS18B20_Read) refers to ds18b20.o(i.DS18B20_WritePin) for DS18B20_WritePin
    ds18b20.o(i.DS18B20_Read) refers to ds18b20.o(i.DS18B20_DelayUs) for DS18B20_DelayUs
    ds18b20.o(i.DS18B20_Read) refers to ds18b20.o(i.DS18B20_ReadPin) for DS18B20_ReadPin
    ds18b20.o(i.DS18B20_ReadPin) refers to stm32f1xx_hal_gpio.o(i.HAL_GPIO_ReadPin) for HAL_GPIO_ReadPin
    ds18b20.o(i.DS18B20_ReadTemp) refers to ds18b20.o(i.DS18B20_Start) for DS18B20_Start
[...]
    i.HAL_TIM_PWM_Init                       0x080034e0   Section        0  stm32f1xx_hal_tim.o(i.HAL_TIM_PWM_Init)
    i.HAL_TIM_PWM_MspInit                    0x0800353a   Section        0  stm32f1xx_hal_tim.o(i.HAL_TIM_PWM_MspInit)
    i.HAL_TIM_PWM_Start                      0x0800353c   Section        0  stm32f1xx_hal_tim.o(i.HAL_TIM_PWM_Start)
    i.HAL_UARTEx_RxEventCallback             0x080035d8   Section        0  stm32f1xx_hal_uart.o(i.HAL_UARTEx_RxEventCallback)
    i.HAL_UART_ErrorCallback                 0x080035da   Section        0  stm32f1xx_hal_uart.o(i.HAL_UART_ErrorCallback)
    i.HAL_UART_IRQHandler                    0x080035dc   Section        0  stm32f1xx_hal_uart.o(i.HAL_UART_IRQHandler)
    i.HAL_UART_Init                          0x08003848   Section        0  stm32f1xx_hal_uart.o(i.HAL_UART_Init)
    i.HAL_UART_MspInit                       0x080038ac   Section        0  stm32f1xx_hal_msp.o(i.HAL_UART_MspInit)
    i.HAL_UART_Receive_IT                    0x0800392c   Section        0  stm32f1xx_hal_uart.o(i.HAL_UART_Receive_IT)
    i.HAL_UART_RxCpltCallback                0x08003948   Section        0  main.o(i.HAL_UART_RxCpltCallback)
    i.HAL_UART_Transmit                      0x080039b4   Section        0  stm32f1xx_hal_uart.o(i.HAL_UART_Transmit)
    i.HAL_UART_TxCpltCallback                0x08003a54   Section        0  stm32f1xx_hal_uart.o(i.HAL_UART_TxCpltCallback)
    i.HCSR04_Read                            0x08003a58   Section        0  main.o(i.HCSR04_Read)
    i.HardFault_Handler                      0x08003b00   Section        0  stm32f1xx_it.o(i.HardFault_Handler)
    i.I2C_IsAcknowledgeFailed                0x08003b02   Section        0  stm32f1xx_hal_i2c.o(i.I2C_IsAcknowledgeFailed)
    I2C_IsAcknowledgeFailed                  0x08003b03   Thumb Code    46  stm32f1xx_hal_i2c.o(i.I2C_IsAcknowledgeFailed)
    i.I2C_MasterRequestWrite                 0x08003b30   Section        0  stm32f1xx_hal_i2c.o(i.I2C_MasterRequestWrite)
    I2C_MasterRequestWrite                   0x08003b31   Thumb Code   150  stm32f1xx_hal_i2c.o(i.I2C_MasterRequestWrite)
    i.I2C_RequestMemoryRead                  0x08003bcc   Section        0  stm32f1xx_hal_i2c.o(i.I2C_RequestMemoryRead)
    I2C_RequestMemoryRead                    0x08003bcd   Thumb Code   246  stm32f1xx_hal_i2c.o(i.I2C_RequestMemoryRead)
    i.I2C_RequestMemoryWrite                 0x08003cc8   Section        0  stm32f1xx_hal_i2c.o(i.I2C_RequestMemoryWrite)
    I2C_RequestMemoryWrite                   0x08003cc9   Thumb Code   162  stm32f1xx_hal_i2c.o(i.I2C_RequestMemoryWrite)
    i.I2C_WaitOnBTFFlagUntilTimeout          0x08003d70   Section        0  stm32f1xx_hal_i2c.o(i.I2C_WaitOnBTFFlagUntilTimeout)
    I2C_WaitOnBTFFlagUntilTimeout            0x08003d71   Thumb Code    86  stm32f1xx_hal_i2c.o(i.I2C_WaitOnBTFFlagUntilTimeout)
    i.I2C_WaitOnFlagUntilTimeout             0x08003dc8   Section        0  stm32f1xx_hal_i2c.o(i.I2C_WaitOnFlagUntilTimeout)
    I2C_WaitOnFlagUntilTimeout               0x08003dc9   Thumb Code   144  stm32f1xx_hal_i2c.o(i.I2C_WaitOnFlagUntilTimeout)
    i.I2C_WaitOnMasterAddressFlagUntilTimeout 0x08003e58   Section        0  stm32f1xx_hal_i2c.o(i.I2C_WaitOnMasterAddressFlagUntilTimeout)
    I2C_WaitOnMasterAddressFlagUntilTimeout  0x08003e59   Thumb Code   188  stm32f1xx_hal_i2c.o(i.I2C_WaitOnMasterAddressFlagUntilTimeout)
    i.I2C_WaitOnRXNEFlagUntilTimeout         0x08003f14   Section        0  stm32f1xx_hal_i2c.o(i.I2C_WaitOnRXNEFlagUntilTimeout)
    I2C_WaitOnRXNEFlagUntilTimeout           0x08003f15   Thumb Code   112  stm32f1xx_hal_i2c.o(i.I2C_WaitOnRXNEFlagUntilTimeout)
    i.I2C_WaitOnTXEFlagUntilTimeout          0x08003f84   Section        0  stm32f1xx_hal_i2c.o(i.I2C_WaitOnTXEFlagUntilTimeout)
    I2C_WaitOnTXEFlagUntilTimeout            0x08003f85   Thumb Code    86  stm32f1xx_hal_i2c.o(i.I2C_WaitOnTXEFlagUntilTimeout)
    i.LCD_Update                             0x08003fdc   Section        0  main.o(i.LCD_Update)
    i.MX_ADC1_Init                           0x08004354   Section        0  main.o(i.MX_ADC1_Init)
    MX_ADC1_Init                             0x08004355   Thumb Code    68  main.o(i.MX_ADC1_Init)
    i.MX_GPIO_Init                           0x080043a0   Section        0  main.o(i.MX_GPIO_Init)
    MX_GPIO_Init                             0x080043a1   Thumb Code   340  main.o(i.MX_GPIO_Init)
    i.MX_TIM1_Init                           0x0800450c   Section        0  main.o(i.MX_TIM1_Init)
    MX_TIM1_Init                             0x0800450d   Thumb Code    96  main.o(i.MX_TIM1_Init)
    i.MX_TIM2_Init                           0x08004574   Section        0  main.o(i.MX_TIM2_Init)
    MX_TIM2_Init                             0x08004575   Thumb Code    96  main.o(i.MX_TIM2_Init)
    i.MX_TIM4_Init                           0x080045d8   Section        0  main.o(i.MX_TIM4_Init)
    MX_TIM4_Init                             0x080045d9   Thumb Code   144  main.o(i.MX_TIM4_Init)
    i.MemManage_Handler                      0x08004670   Section        0  stm32f1xx_it.o(i.MemManage_Handler)
    i.NMI_Handler                            0x08004672   Section        0  stm32f1xx_it.o(i.NMI_Handler)
    i.PendSV_Handler                         0x08004674   Section        0  stm32f1xx_it.o(i.PendSV_Handler)
    i.Read_ADC_Avg                           0x08004678   Section        0  main.o(i.Read_ADC_Avg)
    i.SVC_Handler                            0x080046b0   Section        0  stm32f1xx_it.o(i.SVC_Handler)
    i.SysTick_Handler                        0x080046b2   Section        0  stm32f1xx_it.o(i.SysTick_Handler)
    i.SystemClock_Config                     0x080046c0   Section        0  main.o(i.SystemClock_Config)
    i.SystemInit                             0x08004738   Section        0  system_stm32f1xx.o(i.SystemInit)
    i.TIM_Base_SetConfig                     0x0800473c   Section        0  stm32f1xx_hal_tim.o(i.TIM_Base_SetConfig)
    i.TIM_CCxChannelCmd                      0x080047b4   Section        0  stm32f1xx_hal_tim.o(i.TIM_CCxChannelCmd)
    i.TIM_ETR_SetConfig                      0x080047ce   Section        0  stm32f1xx_hal_tim.o(i.TIM_ETR_SetConfig)
    i.TIM_ITRx_SetConfig                     0x080047e2   Section        0  stm32f1xx_hal_tim.o(i.TIM_ITRx_SetConfig)
    TIM_ITRx_SetConfig                       0x080047e3   Thumb Code    16  stm32f1xx_hal_tim.o(i.TIM_ITRx_SetConfig)
    i.TIM_OC1_SetConfig                      0x080047f4   Section        0  stm32f1xx_hal_tim.o(i.TIM_OC1_SetConfig)
    TIM_OC1_SetConfig                        0x080047f5   Thumb Code    74  stm32f1xx_hal_tim.o(i.TIM_OC1_SetConfig)
    i.TIM_OC2_SetConfig                      0x08004844   Section        0  stm32f1xx_hal_tim.o(i.TIM_OC2_SetConfig)
    i.TIM_OC3_SetConfig                      0x0800489c   Section        0  stm32f1xx_hal_tim.o(i.TIM_OC3_SetConfig)
    TIM_OC3_SetConfig                        0x0800489d   Thumb Code    82  stm32f1xx_hal_tim.o(i.TIM_OC3_SetConfig)
    i.TIM_OC4_SetConfig                      0x080048f4   Section        0  stm32f1xx_hal_tim.o(i.TIM_OC4_SetConfig)
    TIM_OC4_SetConfig                        0x080048f5   Thumb Code    64  stm32f1xx_hal_tim.o(i.TIM_OC4_SetConfig)
    i.TIM_TI1_ConfigInputStage               0x08004938   Section        0  stm32f1xx_hal_tim.o(i.TIM_TI1_ConfigInputStage)
    TIM_TI1_ConfigInputStage                 0x08004939   Thumb Code    34  stm32f1xx_hal_tim.o(i.TIM_TI1_ConfigInputStage)
    i.TIM_TI2_ConfigInputStage               0x0800495a   Section        0  stm32f1xx_hal_tim.o(i.TIM_TI2_ConfigInputStage)
    TIM_TI2_ConfigInputStage                 0x0800495b   Thumb Code    36  stm32f1xx_hal_tim.o(i.TIM_TI2_ConfigInputStage)
    i.UART_DMAAbortOnError                   0x0800497e   Section        0  stm32f1xx_hal_uart.o(i.UART_DMAAbortOnError)
    UART_DMAAbortOnError                     0x0800497f   Thumb Code    16  stm32f1xx_hal_uart.o(i.UART_DMAAbortOnError)
    i.UART_EndRxTransfer                     0x0800498e   Section        0  stm32f1xx_hal_uart.o(i.UART_EndRxTransfer)
    UART_EndRxTransfer                       0x0800498f   Thumb Code    78  stm32f1xx_hal_uart.o(i.UART_EndRxTransfer)
    i.UART_Receive_IT                        0x080049dc   Section        0  stm32f1xx_hal_uart.o(i.UART_Receive_IT)
    UART_Receive_IT                          0x080049dd   Thumb Code   194  stm32f1xx_hal_uart.o(i.UART_Receive_IT)
    i.UART_SetConfig                         0x08004aa0   Section        0  stm32f1xx_hal_uart.o(i.UART_SetConfig)
    UART_SetConfig                           0x08004aa1   Thumb Code   178  stm32f1xx_hal_uart.o(i.UART_SetConfig)
    i.UART_Start_Receive_IT                  0x08004b58   Section        0  stm32f1xx_hal_uart.o(i.UART_Start_Receive_IT)
    i.UART_WaitOnFlagUntilTimeout            0x08004b8e   Section        0  stm32f1xx_hal_uart.o(i.UART_WaitOnFlagUntilTimeout)
    UART_WaitOnFlagUntilTimeout              0x08004b8f   Thumb Code   114  stm32f1xx_hal_uart.o(i.UART_WaitOnFlagUntilTimeout)
    i.USART1_IRQHandler                      0x08004c00   Section        0  stm32f1xx_it.o(i.USART1_IRQHandler)
    i.UsageFault_Handler                     0x08004c0c   Section        0  stm32f1xx_it.o(i.UsageFault_Handler)
    i.__ARM_fpclassify                       0x08004c0e   Section        0  fpclassify.o(i.__ARM_fpclassify)
    i.__NVIC_SetPriority                     0x08004c36   Section        0  stm32f1xx_hal_cortex.o(i.__NVIC_SetPriority)
    __NVIC_SetPriority                       0x08004c37   Thumb Code    32  stm32f1xx_hal_cortex.o(i.__NVIC_SetPriority)
    i._is_digit                              0x08004c56   Section        0  __printf_wp.o(i._is_digit)
    i.bcdToDec                               0x08004c64   Section        0  ds3231.o(i.bcdToDec)
    bcdToDec                                 0x08004c65   Thumb Code    16  ds3231.o(i.bcdToDec)
    i.decToBcd                               0x08004c74   Section        0  ds3231.o(i.decToBcd)
    decToBcd                                 0x08004c75   Thumb Code    22  ds3231.o(i.decToBcd)
    i.feeding_Alarm                          0x08004c8c   Section        0  feeding.o(i.feeding_Alarm)
    i.feeding_Handler                        0x08004cac   Section        0  feeding.o(i.feeding_Handler)
    i.feeding_ISR                            0x08004cec   Section        0  feeding.o(i.feeding_ISR)
    i.feeding_Init                           0x08004e00   Section        0  feeding.o(i.feeding_Init)
    i.feeding_Servo_Angle                    0x08004e68   Section        0  feeding.o(i.feeding_Servo_Angle)
    feeding_Servo_Angle                      0x08004e69   Thumb Code    70  feeding.o(i.feeding_Servo_Angle)
    i.feeding_Servo_Spin                     0x08004eb4   Section        0  feeding.o(i.feeding_Servo_Spin)
    i.handle_turbidity_warning               0x08004ee0   Section        0  main.o(i.handle_turbidity_warning)
    i.handle_uart_transmission               0x08004f3c   Section        0  main.o(i.handle_uart_transmission)
    i.main                                   0x08004ff0   Section        0  main.o(i.main)
    i.measure_food_level                     0x080050fc   Section        0  main.o(i.measure_food_level)
    i.process_turbidity                      0x08005144   Section        0  main.o(i.process_turbidity)
    i.read_sensors_data                      0x080051c0   Section        0  main.o(i.read_sensors_data)
    locale$$code                             0x080051e0   Section       44  lc_numeric_c.o(locale$$code)
    x$fpl$d2f                                0x0800520c   Section       98  d2f.o(x$fpl$d2f)
    x$fpl$dcheck1                            0x08005270   Section       16  dcheck1.o(x$fpl$dcheck1)
    x$fpl$dmul                               0x08005280   Section      340  dmul.o(x$fpl$dmul)
    x$fpl$dnaninf                            0x080053d4   Section      156  dnaninf.o(x$fpl$dnaninf)
    x$fpl$dretinf                            0x08005470   Section       12  dretinf.o(x$fpl$dretinf)
    x$fpl$f2d                                0x0800547c   Section       86  f2d.o(x$fpl$f2d)
    x$fpl$fadd                               0x080054d4   Section      196  faddsub_clz.o(x$fpl$fadd)
    _fadd1                                   0x080054e3   Thumb Code     0  faddsub_clz.o(x$fpl$fadd)
    x$fpl$fdiv                               0x08005598   Section      388  fdiv.o(x$fpl$fdiv)
    _fdiv1                                   0x08005599   Thumb Code     0  fdiv.o(x$fpl$fdiv)
    x$fpl$ffltu                              0x0800571c   Section       38  fflt_clz.o(x$fpl$ffltu)
    x$fpl$fmul                               0x08005744   Section      258  fmul.o(x$fpl$fmul)
    x$fpl$fnaninf                            0x08005846   Section      140  fnaninf.o(x$fpl$fnaninf)
    x$fpl$fretinf                            0x080058d2   Section       10  fretinf.o(x$fpl$fretinf)
    x$fpl$fsub                               0x080058dc   Section      234  faddsub_clz.o(x$fpl$fsub)
    _fsub1                                   0x080058eb   Thumb Code     0  faddsub_clz.o(x$fpl$fsub)
    x$fpl$printf1                            0x080059c6   Section        4  printf1.o(x$fpl$printf1)
    x$fpl$retnan                             0x080059ca   Section      100  retnan.o(x$fpl$retnan)
    x$fpl$scalbn                             0x08005a2e   Section       92  scalbn.o(x$fpl$scalbn)
    x$fpl$trapveneer                         0x08005a8a   Section       48  trapv.o(x$fpl$trapveneer)
    .constdata                               0x08005aba   Section       18  stm32f1xx_hal_rcc.o(.constdata)
    x$fpl$usenofp                            0x08005aba   Section        0  usenofp.o(x$fpl$usenofp)
    aPredivFactorTable                       0x08005aba   Data           2  stm32f1xx_hal_rcc.o(.constdata)
    aPLLMULFactorTable                       0x08005abc   Data          16  stm32f1xx_hal_rcc.o(.constdata)
    .constdata                               0x08005acc   Section       18  stm32f1xx_hal_rcc_ex.o(.constdata)
    aPredivFactorTable                       0x08005acc   Data           2  stm32f1xx_hal_rcc_ex.o(.constdata)
    aPLLMULFactorTable                       0x08005ace   Data          16  stm32f1xx_hal_rcc_ex.o(.constdata)
    .constdata                               0x08005ade   Section       16  system_stm32f1xx.o(.constdata)
    .constdata                               0x08005aee   Section        8  system_stm32f1xx.o(.constdata)
    .constdata                               0x08005af6   Section       17  __printf_flags_wp.o(.constdata)
    maptable                                 0x08005af6   Data          17  __printf_flags_wp.o(.constdata)
    .constdata                               0x08005b08   Section      148  bigflt0.o(.constdata)
    tenpwrs_x                                0x08005b08   Data          60  bigflt0.o(.constdata)
    tenpwrs_i                                0x08005b44   Data          64  bigflt0.o(.constdata)
    locale$$data                             0x08005bbc   Section       28  lc_numeric_c.o(locale$$data)
    __lcnum_c_name                           0x08005bc0   Data           2  lc_numeric_c.o(locale$$data)
    __lcnum_c_start                          0x08005bc8   Data           0  lc_numeric_c.o(locale$$data)
    __lcnum_c_point                          0x08005bd4   Data           0  lc_numeric_c.o(locale$$data)
    __lcnum_c_thousands                      0x08005bd6   Data           0  lc_numeric_c.o(locale$$data)
    __lcnum_c_grouping                       0x08005bd7   Data           0  lc_numeric_c.o(locale$$data)
    __lcnum_c_end                            0x08005bd8   Data           0  lc_numeric_c.o(locale$$data)
    .data                                    0x20000000   Section        4  ds3231.o(.data)
    _i2c                                     0x20000000   Data           4  ds3231.o(.data)
    .data                                    0x20000004   Section       12  feeding.o(.data)
    last_interrupt_time                      0x20000008   Data           4  feeding.o(.data)
    .data                                    0x20000010   Section       84  main.o(.data)
    counter                                  0x20000030   Data           4  main.o(.data)
    .data                                    0x20000064   Section       12  stm32f1xx_hal.o(.data)
    .data                                    0x20000070   Section        4  system_stm32f1xx.o(.data)
    .bss                                     0x20000074   Section      632  main.o(.bss)
    .bss                                     0x200002ec   Section       96  libspace.o(.bss)
    HEAP                                     0x20000350   Section      512  startup_stm32f103xb.o(HEAP)
    Heap_Mem                                 0x20000350   Data         512  startup_stm32f103xb.o(HEAP)
    STACK                                    0x20000550   Section     1024  startup_stm32f103xb.o(STACK)
    Stack_Mem                                0x20000550   Data        1024  startup_stm32f103xb.o(STACK)
    __initial_sp                             0x20000950   Data           0  startup_stm32f103xb.o(STACK)

    Global Symbols

    Symbol Name                              Value     Ov Type        Size  Object(Section)

    BuildAttributes$$THM_ISAv4$P$D$K$B$S$PE$A:L22UL41UL21$X:L11$S22US41US21$IEEE1$IW$USESV6$~STKCKD$USESV7$~SHL$OTIME$ROPI$IEEEJ$EBA8$UX$STANDARDLIB$REQ8$PRES8$EABIv2 0x00000000   Number         0  anon$$obj.o ABSOLUTE
    __ARM_use_no_argv                        0x00000000   Number         0  main.o ABSOLUTE
    _printf_flags                            0x00000000   Number         0  printf_stubs.o ABSOLUTE
    _printf_return_value                     0x00000000   Number         0  printf_stubs.o ABSOLUTE
    _printf_sizespec                         0x00000000   Number         0  printf_stubs.o ABSOLUTE
    _printf_widthprec                        0x00000000   Number         0  printf_stubs.o ABSOLUTE
    __ARM_exceptions_init                     - Undefined Weak Reference
    __alloca_initialize                       - Undefined Weak Reference
    __arm_preinit_                            - Undefined Weak Reference
    __cpp_initialize__aeabi_                  - Undefined Weak Reference
    __cxa_finalize                            - Undefined Weak Reference
    __sigvec_lookup                           - Undefined Weak Reference
    _atexit_init                              - Undefined Weak Reference
    _call_atexit_fns                          - Undefined Weak Reference
    _clock_init                               - Undefined Weak Reference
    _fp_trap_init                             - Undefined Weak Reference
    _fp_trap_shutdown                         - Undefined Weak Reference
    _get_lc_collate                           - Undefined Weak Reference
    _get_lc_ctype                             - Undefined Weak Reference
    _get_lc_monetary                          - Undefined Weak Reference
    _get_lc_time                              - Undefined Weak Reference
    _getenv_init                              - Undefined Weak Reference
    _handle_redirection                       - Undefined Weak Reference
    _init_alloc                               - Undefined Weak Reference
    _init_user_alloc                          - Undefined Weak Reference
    _initio                                   - Undefined Weak Reference
    _printf_truncate_signed                   - Undefined Weak Reference
    _printf_truncate_unsigned                 - Undefined Weak Reference
    _rand_init                                - Undefined Weak Reference
    _signal_finish                            - Undefined Weak Reference
    _signal_init                              - Undefined Weak Reference
    _terminate_alloc                          - Undefined Weak Reference
    _terminate_user_alloc                     - Undefined Weak Reference
    _terminateio                              - Undefined Weak Reference
    __Vectors_Size                           0x000000ec   Number         0  startup_stm32f103xb.o ABSOLUTE
    __Vectors                                0x08000000   Data           4  startup_stm32f103xb.o(RESET)
    __Vectors_End                            0x080000ec   Data           0  startup_stm32f103xb.o(RESET)
    __main                                   0x080000ed   Thumb Code     8  __main.o(!!!main)
    __scatterload                            0x080000f5   Thumb Code     0  __scatter.o(!!!scatter)
    __scatterload_rt2                        0x080000f5   Thumb Code    44  __scatter.o(!!!scatter)
    __scatterload_rt2_thumb_only             0x080000f5   Thumb Code     0  __scatter.o(!!!scatter)
    __scatterload_null                       0x08000103   Thumb Code     0  __scatter.o(!!!scatter)
    __scatterload_copy                       0x08000129   Thumb Code    26  __scatter_copy.o(!!handler_copy)
    __scatterload_zeroinit                   0x08000145   Thumb Code    28  __scatter_zi.o(!!handler_zi)
    _printf_f                                0x08000161   Thumb Code     0  _printf_f.o(.ARM.Collect$$_printf_percent$$00000003)
    _printf_percent                          0x08000161   Thumb Code     0  _printf_percent.o(.ARM.Collect$$_printf_percent$$00000000)
    _printf_d                                0x08000167   Thumb Code     0  _printf_d.o(.ARM.Collect$$_printf_percent$$00000009)
    _printf_percent_end                      0x0800016d   Thumb Code     0  _printf_percent_end.o(.ARM.Collect$$_printf_percent$$00000017)
    __rt_lib_init                            0x08000171   Thumb Code     0  libinit.o(.ARM.Collect$$libinit$$00000000)
    __rt_lib_init_fp_1                       0x08000173   Thumb Code     0  libinit2.o(.ARM.Collect$$libinit$$00000002)
    __rt_lib_init_heap_1                     0x08000173   Thumb Code     0  libinit2.o(.ARM.Collect$$libinit$$0000000A)
    __rt_lib_init_lc_common                  0x08000173   Thumb Code     0  libinit2.o(.ARM.Collect$$libinit$$0000000F)
    __rt_lib_init_preinit_1                  0x08000173   Thumb Code     0  libinit2.o(.ARM.Collect$$libinit$$00000004)
    __rt_lib_init_rand_1                     0x08000173   Thumb Code     0  libinit2.o(.ARM.Collect$$libinit$$0000000E)
    __rt_lib_init_user_alloc_1               0x08000173   Thumb Code     0  libinit2.o(.ARM.Collect$$libinit$$0000000C)
    __rt_lib_init_lc_collate_1               0x08000179   Thumb Code     0  libinit2.o(.ARM.Collect$$libinit$$00000011)
    __rt_lib_init_lc_ctype_1                 0x08000179   Thumb Code     0  libinit2.o(.ARM.Collect$$libinit$$00000013)
    __rt_lib_init_lc_monetary_1              0x08000179   Thumb Code     0  libinit2.o(.ARM.Collect$$libinit$$00000015)
    __rt_lib_init_lc_numeric_2               0x08000179   Thumb Code     0  libinit2.o(.ARM.Collect$$libinit$$00000016)
    __rt_lib_init_alloca_1                   0x08000183   Thumb Code     0  libinit2.o(.ARM.Collect$$libinit$$0000002E)
    __rt_lib_init_argv_1                     0x08000183   Thumb Code     0  libinit2.o(.ARM.Collect$$libinit$$0000002C)
    __rt_lib_init_atexit_1                   0x08000183   Thumb Code     0  libinit2.o(.ARM.Collect$$libinit$$0000001B)
    __rt_lib_init_clock_1                    0x08000183   Thumb Code     0  libinit2.o(.ARM.Collect$$libinit$$00000021)
    __rt_lib_init_cpp_1                      0x08000183   Thumb Code     0  libinit2.o(.ARM.Collect$$libinit$$00000032)
    __rt_lib_init_exceptions_1               0x08000183   Thumb Code     0  libinit2.o(.ARM.Collect$$libinit$$00000030)
    __rt_lib_init_fp_trap_1                  0x08000183   Thumb Code     0  libinit2.o(.ARM.Collect$$libinit$$0000001F)
    __rt_lib_init_getenv_1                   0x08000183   Thumb Code     0  libinit2.o(.ARM.Collect$$libinit$$00000023)
    __rt_lib_init_lc_numeric_1               0x08000183   Thumb Code     0  libinit2.o(.ARM.Collect$$libinit$$00000017)
    __rt_lib_init_lc_time_1                  0x08000183   Thumb Code     0  libinit2.o(.ARM.Collect$$libinit$$00000019)
    __rt_lib_init_return                     0x08000183   Thumb Code     0  libinit2.o(.ARM.Collect$$libinit$$00000033)
    __rt_lib_init_signal_1                   0x08000183   Thumb Code     0  libinit2.o(.ARM.Collect$$libinit$$0000001D)
    __rt_lib_init_stdio_1                    0x08000183   Thumb Code     0  libinit2.o(.ARM.Collect$$libinit$$00000025)
    __rt_lib_shutdown                        0x08000185   Thumb Code     0  libshutdown.o(.ARM.Collect$$libshutdown$$00000000)
    __rt_lib_shutdown_cpp_1                  0x08000187   Thumb Code     0  libshutdown2.o(.ARM.Collect$$libshutdown$$00000002)
    __rt_lib_shutdown_fp_trap_1              0x08000187   Thumb Code     0  libshutdown2.o(.ARM.Collect$$libshutdown$$00000007)
    __rt_lib_shutdown_heap_1                 0x08000187   Thumb Code     0  libshutdown2.o(.ARM.Collect$$libshutdown$$0000000F)
    __rt_lib_shutdown_return                 0x08000187   Thumb Code     0  libshutdown2.o(.ARM.Collect$$libshutdown$$00000010)
    __rt_lib_shutdown_signal_1               0x08000187   Thumb Code     0  libshutdown2.o(.ARM.Collect$$libshutdown$$0000000A)
    __rt_lib_shutdown_stdio_1                0x08000187   Thumb Code     0  libshutdown2.o(.ARM.Collect$$libshutdown$$00000004)
    __rt_lib_shutdown_user_alloc_1           0x08000187   Thumb Code     0  libshutdown2.o(.ARM.Collect$$libshutdown$$0000000C)
    __rt_entry                               0x08000189   Thumb Code     0  __rtentry.o(.ARM.Collect$$rtentry$$00000000)
    __rt_entry_presh_1                       0x08000189   Thumb Code     0  __rtentry2.o(.ARM.Collect$$rtentry$$00000002)
    __rt_entry_sh                            0x08000189   Thumb Code     0  __rtentry4.o(.ARM.Collect$$rtentry$$00000004)
    __rt_entry_li                            0x0800018f   Thumb Code     0  __rtentry2.o(.ARM.Collect$$rtentry$$0000000A)
    __rt_entry_postsh_1                      0x0800018f   Thumb Code     0  __rtentry2.o(.ARM.Collect$$rtentry$$00000009)
    __rt_entry_main                          0x08000193   Thumb Code     0  __rtentry2.o(.ARM.Collect$$rtentry$$0000000D)
    __rt_entry_postli_1                      0x08000193   Thumb Code     0  __rtentry2.o(.ARM.Collect$$rtentry$$0000000C)
    __rt_exit                                0x0800019b   Thumb Code     0  rtexit.o(.ARM.Collect$$rtexit$$00000000)
    __rt_exit_ls                             0x0800019d   Thumb Code     0  rtexit2.o(.ARM.Collect$$rtexit$$00000003)
    __rt_exit_prels_1                        0x0800019d   Thumb Code     0  rtexit2.o(.ARM.Collect$$rtexit$$00000002)
    __rt_exit_exit                           0x080001a1   Thumb Code     0  rtexit2.o(.ARM.Collect$$rtexit$$00000004)
    Reset_Handler                            0x080001a9   Thumb Code     8  startup_stm32f103xb.o(.text)
    ADC1_2_IRQHandler                        0x080001c3   Thumb Code     0  startup_stm32f103xb.o(.text)
    CAN1_RX1_IRQHandler                      0x080001c3   Thumb Code     0  startup_stm32f103xb.o(.text)
    CAN1_SCE_IRQHandler                      0x080001c3   Thumb Code     0  startup_stm32f103xb.o(.text)
    DMA1_Channel1_IRQHandler                 0x080001c3   Thumb Code     0  startup_stm32f103xb.o(.text)
    DMA1_Channel2_IRQHandler                 0x080001c3   Thumb Code     0  startup_stm32f103xb.o(.text)
    DMA1_Channel3_IRQHandler                 0x080001c3   Thumb Code     0  startup_stm32f103xb.o(.text)
    DMA1_Channel4_IRQHandler                 0x080001c3   Thumb Code     0  startup_stm32f103xb.o(.text)
    DMA1_Channel5_IRQHandler                 0x080001c3   Thumb Code     0  startup_stm32f103xb.o(.text)
    DMA1_Channel6_IRQHandler                 0x080001c3   Thumb Code     0  startup_stm32f103xb.o(.text)
    DMA1_Channel7_IRQHandler                 0x080001c3   Thumb Code     0  startup_stm32f103xb.o(.text)
    EXTI0_IRQHandler                         0x080001c3   Thumb Code     0  startup_stm32f103xb.o(.text)
    EXTI2_IRQHandler                         0x080001c3   Thumb Code     0  startup_stm32f103xb.o(.text)
    FLASH_IRQHandler                         0x080001c3   Thumb Code     0  startup_stm32f103xb.o(.text)
    I2C1_ER_IRQHandler                       0x080001c3   Thumb Code     0  startup_stm32f103xb.o(.text)
    I2C1_EV_IRQHandler                       0x080001c3   Thumb Code     0  startup_stm32f103xb.o(.text)
    I2C2_ER_IRQHandler                       0x080001c3   Thumb Code     0  startup_stm32f103xb.o(.text)
    I2C2_EV_IRQHandler                       0x080001c3   Thumb Code     0  startup_stm32f103xb.o(.text)
    PVD_IRQHandler                           0x080001c3   Thumb Code     0  startup_stm32f103xb.o(.text)
    RCC_IRQHandler                           0x080001c3   Thumb Code     0  startup_stm32f103xb.o(.text)
    RTC_Alarm_IRQHandler                     0x080001c3   Thumb Code     0  startup_stm32f103xb.o(.text)
    RTC_IRQHandler                           0x080001c3   Thumb Code     0  startup_stm32f103xb.o(.text)
    SPI1_IRQHandler                          0x080001c3   Thumb Code     0  startup_stm32f103xb.o(.text)
    SPI2_IRQHandler                          0x080001c3   Thumb Code     0  startup_stm32f103xb.o(.text)
    TAMPER_IRQHandler                        0x080001c3   Thumb Code     0  startup_stm32f103xb.o(.text)
    TIM1_BRK_IRQHandler                      0x080001c3   Thumb Code     0  startup_stm32f103xb.o(.text)
    TIM1_CC_IRQHandler                       0x080001c3   Thumb Code     0  startup_stm32f103xb.o(.text)
    TIM1_TRG_COM_IRQHandler                  0x080001c3   Thumb Code     0  startup_stm32f103xb.o(.text)
    TIM1_UP_IRQHandler                       0x080001c3   Thumb Code     0  startup_stm32f103xb.o(.text)
    TIM2_IRQHandler                          0x080001c3   Thumb Code     0  startup_stm32f103xb.o(.text)
    TIM3_IRQHandler                          0x080001c3   Thumb Code     0  startup_stm32f103xb.o(.text)
    TIM4_IRQHandler                          0x080001c3   Thumb Code     0  startup_stm32f103xb.o(.text)
    USART2_IRQHandler                        0x080001c3   Thumb Code     0  startup_stm32f103xb.o(.text)
    USART3_IRQHandler                        0x080001c3   Thumb Code     0  startup_stm32f103xb.o(.text)
    USBWakeUp_IRQHandler                     0x080001c3   Thumb Code     0  startup_stm32f103xb.o(.text)
    USB_HP_CAN1_TX_IRQHandler                0x080001c3   Thumb Code     0  startup_stm32f103xb.o(.text)
    USB_LP_CAN1_RX0_IRQHandler               0x080001c3   Thumb Code     0  startup_stm32f103xb.o(.text)
    WWDG_IRQHandler                          0x080001c3   Thumb Code     0  startup_stm32f103xb.o(.text)
    __user_initial_stackheap                 0x080001c5   Thumb Code     0  startup_stm32f103xb.o(.text)
    __2sprintf                               0x080001e9   Thumb Code    34  noretval__2sprintf.o(.text)
    __2snprintf                              0x08000211   Thumb Code    48  noretval__2snprintf.o(.text)
    _printf_pre_padding                      0x08000245   Thumb Code    44  _printf_pad.o(.text)
    _printf_post_padding                     0x08000271   Thumb Code    34  _printf_pad.o(.text)
    _printf_int_dec                          0x08000295   Thumb Code   104  _printf_dec.o(.text)
    __printf                                 0x0800030d   Thumb Code   308  __printf_flags_wp.o(.text)
    strlen                                   0x08000445   Thumb Code    62  strlen.o(.text)
    __aeabi_memclr4                          0x08000483   Thumb Code     0  rt_memclr_w.o(.text)
    __aeabi_memclr8                          0x08000483   Thumb Code     0  rt_memclr_w.o(.text)
    __rt_memclr_w                            0x08000483   Thumb Code    78  rt_memclr_w.o(.text)
    _memset_w                                0x08000487   Thumb Code     0  rt_memclr_w.o(.text)
    __use_two_region_memory                  0x080004d1   Thumb Code     2  heapauxi.o(.text)
    __rt_heap_escrow$2region                 0x080004d3   Thumb Code     2  heapauxi.o(.text)
    __rt_heap_expand$2region                 0x080004d5   Thumb Code     2  heapauxi.o(.text)
    _printf_int_common                       0x080004d7   Thumb Code   178  _printf_intcommon.o(.text)
    __lib_sel_fp_printf                      0x08000589   Thumb Code     2  _printf_fp_dec.o(.text)
    _printf_fp_dec_real                      0x0800073b   Thumb Code   620  _printf_fp_dec.o(.text)
    _printf_char_common                      0x080009b3   Thumb Code    32  _printf_char_common.o(.text)
    _sputc                                   0x080009d9   Thumb Code    10  _sputc.o(.text)
    _snputc                                  0x080009e3   Thumb Code    16  _snputc.o(.text)
    __rt_locale                              0x080009f5   Thumb Code     8  rt_locale_intlibspace.o(.text)
    _ll_udiv10                               0x080009fd   Thumb Code   138  lludiv10.o(.text)
    _printf_fp_infnan                        0x08000a89   Thumb Code   112  _printf_fp_infnan.o(.text)
    _btod_etento                             0x08000b09   Thumb Code   224  bigflt0.o(.text)
    __user_libspace                          0x08000bed   Thumb Code     8  libspace.o(.text)
    __user_perproc_libspace                  0x08000bed   Thumb Code     0  libspace.o(.text)
    __user_perthread_libspace                0x08000bed   Thumb Code     0  libspace.o(.text)
    __user_setup_stackheap                   0x08000bf5   Thumb Code    74  sys_stackheap_outer.o(.text)
    exit                                     0x08000c3f   Thumb Code    18  exit.o(.text)
    strcmp                                   0x08000c51   Thumb Code   128  strcmpv7m.o(.text)
    _sys_exit                                0x08000cd1   Thumb Code     8  sys_exit.o(.text)
    __I$use$semihosting                      0x08000cdd   Thumb Code     0  use_no_semi.o(.text)
    __use_no_semihosting_swi                 0x08000cdd   Thumb Code     2  use_no_semi.o(.text)
    __semihosting_library_function           0x08000cdf   Thumb Code     0  indicate_semi.o(.text)
    _btod_d2e                                0x08000cdf   Thumb Code    62  btod.o(CL$$btod_d2e)
    _d2e_denorm_low                          0x08000d1d   Thumb Code    70  btod.o(CL$$btod_d2e_denorm_low)
    _d2e_norm_op1                            0x08000d63   Thumb Code    96  btod.o(CL$$btod_d2e_norm_op1)
    __btod_div_common                        0x08000dc3   Thumb Code   696  btod.o(CL$$btod_div_common)
    _e2e                                     0x080010fb   Thumb Code   220  btod.o(CL$$btod_e2e)
    _btod_ediv                               0x080011d7   Thumb Code    42  btod.o(CL$$btod_ediv)
    _btod_emul                               0x08001201   Thumb Code    42  btod.o(CL$$btod_emul)
    __btod_mult_common                       0x0800122b   Thumb Code   580  btod.o(CL$$btod_mult_common)
    ADC_ConversionStop_Disable               0x08001471   Thumb Code    86  stm32f1xx_hal_adc.o(i.ADC_ConversionStop_Disable)
    ADC_Enable                               0x080014c9   Thumb Code   114  stm32f1xx_hal_adc.o(i.ADC_Enable)
    BusFault_Handler                         0x08001545   Thumb Code     2  stm32f1xx_it.o(i.BusFault_Handler)
    CLCD_I2C_Clear                           0x08001547   Thumb Code    20  clcd_i2c.o(i.CLCD_I2C_Clear)
    CLCD_I2C_Init                            0x0800155b   Thumb Code   162  clcd_i2c.o(i.CLCD_I2C_Init)
    CLCD_I2C_SetCursor                       0x080015fd   Thumb Code    68  clcd_i2c.o(i.CLCD_I2C_SetCursor)
    CLCD_I2C_WriteChar                       0x08001641   Thumb Code     6  clcd_i2c.o(i.CLCD_I2C_WriteChar)
    CLCD_I2C_WriteString                     0x08001647   Thumb Code    24  clcd_i2c.o(i.CLCD_I2C_WriteString)
    DELAY_TIM_Init                           0x080016c9   Thumb Code     4  delay_timer.o(i.DELAY_TIM_Init)
    DELAY_TIM_Ms                             0x080016cd   Thumb Code    30  delay_timer.o(i.DELAY_TIM_Ms)
    DELAY_TIM_Us                             0x080016eb   Thumb Code    16  delay_timer.o(i.DELAY_TIM_Us)
    DS18B20_Init                             0x08001707   Thumb Code    16  ds18b20.o(i.DS18B20_Init)
    DS18B20_ReadTemp                         0x0800176f   Thumb Code    98  ds18b20.o(i.DS18B20_ReadTemp)
    DS3231_GetTime                           0x080018c1   Thumb Code   106  ds3231.o(i.DS3231_GetTime)
    DS3231_Init                              0x08001931   Thumb Code     8  ds3231.o(i.DS3231_Init)
    DS3231_SetAlarm                          0x0800193d   Thumb Code   204  ds3231.o(i.DS3231_SetAlarm)
    DebugMon_Handler                         0x08001a75   Thumb Code     2  stm32f1xx_it.o(i.DebugMon_Handler)
    EXTI15_10_IRQHandler                     0x08001a77   Thumb Code     8  stm32f1xx_it.o(i.EXTI15_10_IRQHandler)
    EXTI1_IRQHandler                         0x08001a7f   Thumb Code     6  stm32f1xx_it.o(i.EXTI1_IRQHandler)
    EXTI3_IRQHandler                         0x08001a85   Thumb Code     6  stm32f1xx_it.o(i.EXTI3_IRQHandler)
    EXTI4_IRQHandler                         0x08001a8b   Thumb Code     6  stm32f1xx_it.o(i.EXTI4_IRQHandler)
    EXTI9_5_IRQHandler                       0x08001a91   Thumb Code    20  stm32f1xx_it.o(i.EXTI9_5_IRQHandler)
    HAL_ADC_ConfigChannel                    0x08001aa5   Thumb Code   240  stm32f1xx_hal_adc.o(i.HAL_ADC_ConfigChannel)
    HAL_ADC_GetValue                         0x08001ba1   Thumb Code     6  stm32f1xx_hal_adc.o(i.HAL_ADC_GetValue)
    HAL_ADC_Init                             0x08001ba9   Thumb Code   272  stm32f1xx_hal_adc.o(i.HAL_ADC_Init)
    HAL_ADC_MspInit                          0x08001cc5   Thumb Code    76  stm32f1xx_hal_msp.o(i.HAL_ADC_MspInit)
    HAL_ADC_PollForConversion                0x08001d1d   Thumb Code   304  stm32f1xx_hal_adc.o(i.HAL_ADC_PollForConversion)
    HAL_ADC_Start                            0x08001e59   Thumb Code   184  stm32f1xx_hal_adc.o(i.HAL_ADC_Start)
    HAL_ADC_Stop                             0x08001f19   Thumb Code    52  stm32f1xx_hal_adc.o(i.HAL_ADC_Stop)
    HAL_DMA_Abort                            0x08001f4d   Thumb Code    70  stm32f1xx_hal_dma.o(i.HAL_DMA_Abort)
    HAL_DMA_Abort_IT                         0x08001f95   Thumb Code   148  stm32f1xx_hal_dma.o(i.HAL_DMA_Abort_IT)
    HAL_Delay                                0x0800202d   Thumb Code    32  stm32f1xx_hal.o(i.HAL_Delay)
    HAL_GPIO_EXTI_Callback                   0x08002051   Thumb Code    56  main.o(i.HAL_GPIO_EXTI_Callback)
    HAL_GPIO_EXTI_IRQHandler                 0x08002091   Thumb Code    18  stm32f1xx_hal_gpio.o(i.HAL_GPIO_EXTI_IRQHandler)
    HAL_GPIO_Init                            0x080020a9   Thumb Code   446  stm32f1xx_hal_gpio.o(i.HAL_GPIO_Init)
    HAL_GPIO_ReadPin                         0x08002289   Thumb Code    10  stm32f1xx_hal_gpio.o(i.HAL_GPIO_ReadPin)
    HAL_GPIO_TogglePin                       0x08002293   Thumb Code    16  stm32f1xx_hal_gpio.o(i.HAL_GPIO_TogglePin)
    HAL_GPIO_WritePin                        0x080022a3   Thumb Code    10  stm32f1xx_hal_gpio.o(i.HAL_GPIO_WritePin)
    HAL_GetTick                              0x080022ad   Thumb Code     6  stm32f1xx_hal.o(i.HAL_GetTick)
    HAL_I2C_Init                             0x080022b9   Thumb Code   376  stm32f1xx_hal_i2c.o(i.HAL_I2C_Init)
    HAL_I2C_Master_Transmit                  0x08002441   Thumb Code   290  stm32f1xx_hal_i2c.o(i.HAL_I2C_Master_Transmit)
    HAL_I2C_Mem_Read                         0x0800256d   Thumb Code   586  stm32f1xx_hal_i2c.o(i.HAL_I2C_Mem_Read)
    HAL_I2C_Mem_Write                        0x080027c9   Thumb Code   294  stm32f1xx_hal_i2c.o(i.HAL_I2C_Mem_Write)
    HAL_I2C_MspInit                          0x080028f9   Thumb Code   134  stm32f1xx_hal_msp.o(i.HAL_I2C_MspInit)
    HAL_IncTick                              0x08002991   Thumb Code    12  stm32f1xx_hal.o(i.HAL_IncTick)
    HAL_Init                                 0x080029a1   Thumb Code    32  stm32f1xx_hal.o(i.HAL_Init)
    HAL_InitTick                             0x080029c5   Thumb Code    54  stm32f1xx_hal.o(i.HAL_InitTick)
    HAL_MspInit                              0x08002a05   Thumb Code    52  stm32f1xx_hal_msp.o(i.HAL_MspInit)
    HAL_NVIC_EnableIRQ                       0x08002a41   Thumb Code    26  stm32f1xx_hal_cortex.o(i.HAL_NVIC_EnableIRQ)
    HAL_NVIC_SetPriority                     0x08002a5d   Thumb Code    60  stm32f1xx_hal_cortex.o(i.HAL_NVIC_SetPriority)
    HAL_NVIC_SetPriorityGrouping             0x08002a9d   Thumb Code    26  stm32f1xx_hal_cortex.o(i.HAL_NVIC_SetPriorityGrouping)
    HAL_RCCEx_GetPeriphCLKFreq               0x08002ac1   Thumb Code   148  stm32f1xx_hal_rcc_ex.o(i.HAL_RCCEx_GetPeriphCLKFreq)
    HAL_RCCEx_PeriphCLKConfig                0x08002b65   Thumb Code   224  stm32f1xx_hal_rcc_ex.o(i.HAL_RCCEx_PeriphCLKConfig)
    HAL_RCC_ClockConfig                      0x08002c51   Thumb Code   280  stm32f1xx_hal_rcc.o(i.HAL_RCC_ClockConfig)
    HAL_RCC_GetPCLK1Freq                     0x08002d7d   Thumb Code    20  stm32f1xx_hal_rcc.o(i.HAL_RCC_GetPCLK1Freq)
    HAL_RCC_GetPCLK2Freq                     0x08002d9d   Thumb Code    20  stm32f1xx_hal_rcc.o(i.HAL_RCC_GetPCLK2Freq)
    HAL_RCC_GetSysClockFreq                  0x08002dbd   Thumb Code    58  stm32f1xx_hal_rcc.o(i.HAL_RCC_GetSysClockFreq)
    HAL_RCC_OscConfig                        0x08002e09   Thumb Code   778  stm32f1xx_hal_rcc.o(i.HAL_RCC_OscConfig)
    HAL_SYSTICK_Callback                     0x08003129   Thumb Code    34  main.o(i.HAL_SYSTICK_Callback)
    HAL_SYSTICK_Config                       0x08003151   Thumb Code    40  stm32f1xx_hal_cortex.o(i.HAL_SYSTICK_Config)
    HAL_SYSTICK_IRQHandler                   0x08003179   Thumb Code     8  stm32f1xx_hal_cortex.o(i.HAL_SYSTICK_IRQHandler)
    HAL_TIMEx_MasterConfigSynchronization    0x08003181   Thumb Code    92  stm32f1xx_hal_tim_ex.o(i.HAL_TIMEx_MasterConfigSynchronization)
    HAL_TIM_Base_Init                        0x080031e9   Thumb Code    90  stm32f1xx_hal_tim.o(i.HAL_TIM_Base_Init)
    HAL_TIM_Base_MspInit                     0x08003245   Thumb Code    74  stm32f1xx_hal_msp.o(i.HAL_TIM_Base_MspInit)
    HAL_TIM_Base_Start                       0x0800329d   Thumb Code    66  stm32f1xx_hal_tim.o(i.HAL_TIM_Base_Start)
    HAL_TIM_ConfigClockSource                0x080032ed   Thumb Code   220  stm32f1xx_hal_tim.o(i.HAL_TIM_ConfigClockSource)
    HAL_TIM_MspPostInit                      0x080033c9   Thumb Code    64  stm32f1xx_hal_msp.o(i.HAL_TIM_MspPostInit)
    HAL_TIM_PWM_ConfigChannel                0x08003415   Thumb Code   204  stm32f1xx_hal_tim.o(i.HAL_TIM_PWM_ConfigChannel)
    HAL_TIM_PWM_Init                         0x080034e1   Thumb Code    90  stm32f1xx_hal_tim.o(i.HAL_TIM_PWM_Init)
    HAL_TIM_PWM_MspInit                      0x0800353b   Thumb Code     2  stm32f1xx_hal_tim.o(i.HAL_TIM_PWM_MspInit)
    HAL_TIM_PWM_Start                        0x0800353d   Thumb Code   144  stm32f1xx_hal_tim.o(i.HAL_TIM_PWM_Start)
    HAL_UARTEx_RxEventCallback               0x080035d9   Thumb Code     2  stm32f1xx_hal_uart.o(i.HAL_UARTEx_RxEventCallback)
    HAL_UART_ErrorCallback                   0x080035db   Thumb Code     2  stm32f1xx_hal_uart.o(i.HAL_UART_ErrorCallback)
    HAL_UART_IRQHandler                      0x080035dd   Thumb Code   616  stm32f1xx_hal_uart.o(i.HAL_UART_IRQHandler)
    HAL_UART_Init                            0x08003849   Thumb Code   100  stm32f1xx_hal_uart.o(i.HAL_UART_Init)
    HAL_UART_MspInit                         0x080038ad   Thumb Code   116  stm32f1xx_hal_msp.o(i.HAL_UART_MspInit)
    HAL_UART_Receive_IT                      0x0800392d   Thumb Code    28  stm32f1xx_hal_uart.o(i.HAL_UART_Receive_IT)
    HAL_UART_RxCpltCallback                  0x08003949   Thumb Code    86  main.o(i.HAL_UART_RxCpltCallback)
    HAL_UART_Transmit                        0x080039b5   Thumb Code   160  stm32f1xx_hal_uart.o(i.HAL_UART_Transmit)
    HAL_UART_TxCpltCallback                  0x08003a55   Thumb Code     2  stm32f1xx_hal_uart.o(i.HAL_UART_TxCpltCallback)
    HCSR04_Read                              0x08003a59   Thumb Code   146  main.o(i.HCSR04_Read)
    HardFault_Handler                        0x08003b01   Thumb Code     2  stm32f1xx_it.o(i.HardFault_Handler)
    LCD_Update                               0x08003fdd   Thumb Code   528  main.o(i.LCD_Update)
    MemManage_Handler                        0x08004671   Thumb Code     2  stm32f1xx_it.o(i.MemManage_Handler)
    NMI_Handler                              0x08004673   Thumb Code     2  stm32f1xx_it.o(i.NMI_Handler)
    PendSV_Handler                           0x08004675   Thumb Code     2  stm32f1xx_it.o(i.PendSV_Handler)
    Read_ADC_Avg                             0x08004679   Thumb Code    52  main.o(i.Read_ADC_Avg)
    SVC_Handler                              0x080046b1   Thumb Code     2  stm32f1xx_it.o(i.SVC_Handler)
    SysTick_Handler                          0x080046b3   Thumb Code    14  stm32f1xx_it.o(i.SysTick_Handler)
    SystemClock_Config                       0x080046c1   Thumb Code   120  main.o(i.SystemClock_Config)
    SystemInit                               0x08004739   Thumb Code     2  system_stm32f1xx.o(i.SystemInit)
    TIM_Base_SetConfig                       0x0800473d   Thumb Code   108  stm32f1xx_hal_tim.o(i.TIM_Base_SetConfig)
    TIM_CCxChannelCmd                        0x080047b5   Thumb Code    26  stm32f1xx_hal_tim.o(i.TIM_CCxChannelCmd)
    TIM_ETR_SetConfig                        0x080047cf   Thumb Code    20  stm32f1xx_hal_tim.o(i.TIM_ETR_SetConfig)
    TIM_OC2_SetConfig                        0x08004845   Thumb Code    84  stm32f1xx_hal_tim.o(i.TIM_OC2_SetConfig)
    UART_Start_Receive_IT                    0x08004b59   Thumb Code    54  stm32f1xx_hal_uart.o(i.UART_Start_Receive_IT)
    USART1_IRQHandler                        0x08004c01   Thumb Code     6  stm32f1xx_it.o(i.USART1_IRQHandler)
    UsageFault_Handler                       0x08004c0d   Thumb Code     2  stm32f1xx_it.o(i.UsageFault_Handler)
    __ARM_fpclassify                         0x08004c0f   Thumb Code    40  fpclassify.o(i.__ARM_fpclassify)
    _is_digit                                0x08004c57   Thumb Code    14  __printf_wp.o(i._is_digit)
    feeding_Alarm                            0x08004c8d   Thumb Code    22  feeding.o(i.feeding_Alarm)
    feeding_Handler                          0x08004cad   Thumb Code    58  feeding.o(i.feeding_Handler)
    feeding_ISR                              0x08004ced   Thumb Code   262  feeding.o(i.feeding_ISR)
    feeding_Init                             0x08004e01   Thumb Code    98  feeding.o(i.feeding_Init)
    feeding_Servo_Spin                       0x08004eb5   Thumb Code    40  feeding.o(i.feeding_Servo_Spin)
    handle_turbidity_warning                 0x08004ee1   Thumb Code    80  main.o(i.handle_turbidity_warning)
    handle_uart_transmission                 0x08004f3d   Thumb Code   140  main.o(i.handle_uart_transmission)
    main                                     0x08004ff1   Thumb Code   230  main.o(i.main)
    measure_food_level                       0x080050fd   Thumb Code    64  main.o(i.measure_food_level)
    process_turbidity                        0x08005145   Thumb Code    92  main.o(i.process_turbidity)
    read_sensors_data                        0x080051c1   Thumb Code    22  main.o(i.read_sensors_data)
    _get_lc_numeric                          0x080051e1   Thumb Code    44  lc_numeric_c.o(locale$$code)
    __aeabi_d2f                              0x0800520d   Thumb Code     0  d2f.o(x$fpl$d2f)
    _d2f                                     0x0800520d   Thumb Code    98  d2f.o(x$fpl$d2f)
    __fpl_dcheck_NaN1                        0x08005271   Thumb Code    10  dcheck1.o(x$fpl$dcheck1)
    __aeabi_dmul                             0x08005281   Thumb Code     0  dmul.o(x$fpl$dmul)
    _dmul                                    0x08005281   Thumb Code   332  dmul.o(x$fpl$dmul)
    __fpl_dnaninf                            0x080053d5   Thumb Code   156  dnaninf.o(x$fpl$dnaninf)
    __fpl_dretinf                            0x08005471   Thumb Code    12  dretinf.o(x$fpl$dretinf)
    __aeabi_f2d                              0x0800547d   Thumb Code     0  f2d.o(x$fpl$f2d)
    _f2d                                     0x0800547d   Thumb Code    86  f2d.o(x$fpl$f2d)
    __aeabi_fadd                             0x080054d5   Thumb Code     0  faddsub_clz.o(x$fpl$fadd)
    _fadd                                    0x080054d5   Thumb Code   196  faddsub_clz.o(x$fpl$fadd)
    __aeabi_fdiv                             0x08005599   Thumb Code     0  fdiv.o(x$fpl$fdiv)
    _fdiv                                    0x08005599   Thumb Code   384  fdiv.o(x$fpl$fdiv)
    __aeabi_ui2f                             0x0800571d   Thumb Code     0  fflt_clz.o(x$fpl$ffltu)
    _ffltu                                   0x0800571d   Thumb Code    38  fflt_clz.o(x$fpl$ffltu)
    __aeabi_fmul                             0x08005745   Thumb Code     0  fmul.o(x$fpl$fmul)
    _fmul                                    0x08005745   Thumb Code   258  fmul.o(x$fpl$fmul)
    __fpl_fnaninf                            0x08005847   Thumb Code   140  fnaninf.o(x$fpl$fnaninf)
    __fpl_fretinf                            0x080058d3   Thumb Code    10  fretinf.o(x$fpl$fretinf)
    __aeabi_fsub                             0x080058dd   Thumb Code     0  faddsub_clz.o(x$fpl$fsub)
    _fsub                                    0x080058dd   Thumb Code   234  faddsub_clz.o(x$fpl$fsub)
    _printf_fp_dec                           0x080059c7   Thumb Code     4  printf1.o(x$fpl$printf1)
    __fpl_return_NaN                         0x080059cb   Thumb Code   100  retnan.o(x$fpl$retnan)
    __ARM_scalbn                             0x08005a2f   Thumb Code    92  scalbn.o(x$fpl$scalbn)
    __fpl_cmpreturn                          0x08005a8b   Thumb Code    48  trapv.o(x$fpl$trapveneer)
    __I$use$fp                               0x08005aba   Number         0  usenofp.o(x$fpl$usenofp)
    AHBPrescTable                            0x08005ade   Data          16  system_stm32f1xx.o(.constdata)
    APBPrescTable                            0x08005aee   Data           8  system_stm32f1xx.o(.constdata)
    Region$$Table$$Base                      0x08005b9c   Number         0  anon$$obj.o(Region$$Table)
    Region$$Table$$Limit                     0x08005bbc   Number         0  anon$$obj.o(Region$$Table)
    lcd_timer                                0x20000004   Data           4  feeding.o(.data)
    _feed                                    0x2000000c   Data           4  feeding.o(.data)
    lcd_state                                0x20000010   Data           1  main.o(.data)
    is_turbidity_warning_active              0x20000011   Data           1  main.o(.data)
    is_warning_silenced_by_user              0x20000012   Data           1  main.o(.data)
    rec                                      0x20000013   Data           1  main.o(.data)
    Value1                                   0x20000014   Data           4  main.o(.data)
    Value2                                   0x20000018   Data           4  main.o(.data)
    Distance                                 0x2000001c   Data           4  main.o(.data)
    D_empty                                  0x20000020   Data           4  main.o(.data)
    D_full                                   0x20000024   Data           4  main.o(.data)
    last_beep_toggle_time                    0x20000028   Data           4  main.o(.data)
    last_uart_send_time                      0x2000002c   Data           4  main.o(.data)
    TEMP                                     0x20000034   Data           4  main.o(.data)
    turbidity                                0x20000038   Data           4  main.o(.data)
    pMillis                                  0x2000003c   Data           4  main.o(.data)
    percent                                  0x20000040   Data           4  main.o(.data)
    timenow                                  0x20000044   Data           7  main.o(.data)
    feed                                     0x2000004c   Data          24  main.o(.data)
    uwTickFreq                               0x20000064   Data           1  stm32f1xx_hal.o(.data)
    uwTickPrio                               0x20000068   Data           4  stm32f1xx_hal.o(.data)
    uwTick                                   0x2000006c   Data           4  stm32f1xx_hal.o(.data)
    SystemCoreClock                          0x20000070   Data           4  system_stm32f1xx.o(.data)
    hadc1                                    0x20000074   Data          48  main.o(.bss)
    hi2c1                                    0x200000a4   Data          84  main.o(.bss)
    hi2c2                                    0x200000f8   Data          84  main.o(.bss)
    htim1                                    0x2000014c   Data          72  main.o(.bss)
    htim2                                    0x20000194   Data          72  main.o(.bss)
    htim4                                    0x200001dc   Data          72  main.o(.bss)
    huart1                                   0x20000224   Data          72  main.o(.bss)
    DS1                                      0x2000026c   Data          16  main.o(.bss)
    LCD1                                     0x2000027c   Data          12  main.o(.bss)
    uart_tx_buffer                           0x20000288   Data         100  main.o(.bss)
    __libspace_start                         0x200002ec   Data          96  libspace.o(.bss)
    __temporary_stack_top$libspace           0x2000034c   Data           0  libspace.o(.bss)



==============================================================================

Memory Map of the image

  Image Entry point : 0x080000ed

  Load Region LR_IROM1 (Base: 0x08000000, Size: 0x00005c4c, Max: 0x00010000, ABSOLUTE)

    Execution Region ER_IROM1 (Exec base: 0x08000000, Load base: 0x08000000, Size: 0x00005bd8, Max: 0x00010000, ABSOLUTE)

    Exec Addr    Load Addr    Size         Type   Attr      Idx    E Section Name        Object

    0x08000000   0x08000000   0x000000ec   Data   RO            3    RESET               startup_stm32f103xb.o
    0x080000ec   0x080000ec   0x00000008   Code   RO         3941  * !!!main             c_w.l(__main.o)
    0x080000f4   0x080000f4   0x00000034   Code   RO         4209    !!!scatter          c_w.l(__scatter.o)
    0x08000128   0x08000128   0x0000001a   Code   RO         4211    !!handler_copy      c_w.l(__scatter_copy.o)
    0x08000142   0x08000142   0x00000002   PAD
    0x08000144   0x08000144   0x0000001c   Code   RO         4213    !!handler_zi        c_w.l(__scatter_zi.o)
    0x08000160   0x08000160   0x00000000   Code   RO         3934    .ARM.Collect$$_printf_percent$$00000000  c_w.l(_printf_percent.o)
    0x08000160   0x08000160   0x00000006   Code   RO         3933    .ARM.Collect$$_printf_percent$$00000003  c_w.l(_printf_f.o)
    0x08000166   0x08000166   0x00000006   Code   RO         3932    .ARM.Collect$$_printf_percent$$00000009  c_w.l(_printf_d.o)
    0x0800016c   0x0800016c   0x00000004   Code   RO         3994    .ARM.Collect$$_printf_percent$$00000017  c_w.l(_printf_percent_end.o)
    0x08000170   0x08000170   0x00000002   Code   RO         4080    .ARM.Collect$$libinit$$00000000  c_w.l(libinit.o)
    0x08000172   0x08000172   0x00000000   Code   RO         4082    .ARM.Collect$$libinit$$00000002  c_w.l(libinit2.o)
    0x08000172   0x08000172   0x00000000   Code   RO         4084    .ARM.Collect$$libinit$$00000004  c_w.l(libinit2.o)
    0x08000172   0x08000172   0x00000000   Code   RO         4087    .ARM.Collect$$libinit$$0000000A  c_w.l(libinit2.o)
    0x08000172   0x08000172   0x00000000   Code   RO         4089    .ARM.Collect$$libinit$$0000000C  c_w.l(libinit2.o)
    0x08000172   0x08000172   0x00000000   Code   RO         4091    .ARM.Collect$$libinit$$0000000E  c_w.l(libinit2.o)
    0x08000172   0x08000172   0x00000006   Code   RO         4092    .ARM.Collect$$libinit$$0000000F  c_w.l(libinit2.o)
    0x08000178   0x08000178   0x00000000   Code   RO         4094    .ARM.Collect$$libinit$$00000011  c_w.l(libinit2.o)
    0x08000178   0x08000178   0x00000000   Code   RO         4096    .ARM.Collect$$libinit$$00000013  c_w.l(libinit2.o)
    0x08000178   0x08000178   0x00000000   Code   RO         4098    .ARM.Collect$$libinit$$00000015  c_w.l(libinit2.o)
    0x08000178   0x08000178   0x0000000a   Code   RO         4099    .ARM.Collect$$libinit$$00000016  c_w.l(libinit2.o)
    0x08000182   0x08000182   0x00000000   Code   RO         4100    .ARM.Collect$$libinit$$00000017  c_w.l(libinit2.o)
    0x08000182   0x08000182   0x00000000   Code   RO         4102    .ARM.Collect$$libinit$$00000019  c_w.l(libinit2.o)
    0x08000182   0x08000182   0x00000000   Code   RO         4104    .ARM.Collect$$libinit$$0000001B  c_w.l(libinit2.o)
    0x08000182   0x08000182   0x00000000   Code   RO         4106    .ARM.Collect$$libinit$$0000001D  c_w.l(libinit2.o)
    0x08000182   0x08000182   0x00000000   Code   RO         4108    .ARM.Collect$$libinit$$0000001F  c_w.l(libinit2.o)
    0x08000182   0x08000182   0x00000000   Code   RO         4110    .ARM.Collect$$libinit$$00000021  c_w.l(libinit2.o)
    0x08000182   0x08000182   0x00000000   Code   RO         4112    .ARM.Collect$$libinit$$00000023  c_w.l(libinit2.o)
    0x08000182   0x08000182   0x00000000   Code   RO         4114    .ARM.Collect$$libinit$$00000025  c_w.l(libinit2.o)
    0x08000182   0x08000182   0x00000000   Code   RO         4118    .ARM.Collect$$libinit$$0000002C  c_w.l(libinit2.o)
    0x08000182   0x08000182   0x00000000   Code   RO         4120    .ARM.Collect$$libinit$$0000002E  c_w.l(libinit2.o)
    0x08000182   0x08000182   0x00000000   Code   RO         4122    .ARM.Collect$$libinit$$00000030  c_w.l(libinit2.o)
    0x08000182   0x08000182   0x00000000   Code   RO         4124    .ARM.Collect$$libinit$$00000032  c_w.l(libinit2.o)
    0x08000182   0x08000182   0x00000002   Code   RO         4125    .ARM.Collect$$libinit$$00000033  c_w.l(libinit2.o)
    0x08000184   0x08000184   0x00000002   Code   RO         4157    .ARM.Collect$$libshutdown$$00000000  c_w.l(libshutdown.o)
    0x08000186   0x08000186   0x00000000   Code   RO         4168    .ARM.Collect$$libshutdown$$00000002  c_w.l(libshutdown2.o)
    0x08000186   0x08000186   0x00000000   Code   RO         4170    .ARM.Collect$$libshutdown$$00000004  c_w.l(libshutdown2.o)
    0x08000186   0x08000186   0x00000000   Code   RO         4173    .ARM.Collect$$libshutdown$$00000007  c_w.l(libshutdown2.o)
    0x08000186   0x08000186   0x00000000   Code   RO         4176    .ARM.Collect$$libshutdown$$0000000A  c_w.l(libshutdown2.o)
    0x08000186   0x08000186   0x00000000   Code   RO         4178    .ARM.Collect$$libshutdown$$0000000C  c_w.l(libshutdown2.o)
    0x08000186   0x08000186   0x00000000   Code   RO         4181    .ARM.Collect$$libshutdown$$0000000F  c_w.l(libshutdown2.o)
    0x08000186   0x08000186   0x00000002   Code   RO         4182    .ARM.Collect$$libshutdown$$00000010  c_w.l(libshutdown2.o)
    0x08000188   0x08000188   0x00000000   Code   RO         3983    .ARM.Collect$$rtentry$$00000000  c_w.l(__rtentry.o)
    0x08000188   0x08000188   0x00000000   Code   RO         4007    .ARM.Collect$$rtentry$$00000002  c_w.l(__rtentry2.o)
    0x08000188   0x08000188   0x00000006   Code   RO         4019    .ARM.Collect$$rtentry$$00000004  c_w.l(__rtentry4.o)
    0x0800018e   0x0800018e   0x00000000   Code   RO         4009    .ARM.Collect$$rtentry$$00000009  c_w.l(__rtentry2.o)
    0x0800018e   0x0800018e   0x00000004   Code   RO         4010    .ARM.Collect$$rtentry$$0000000A  c_w.l(__rtentry2.o)
    0x08000192   0x08000192   0x00000000   Code   RO         4012    .ARM.Collect$$rtentry$$0000000C  c_w.l(__rtentry2.o)
    0x08000192   0x08000192   0x00000008   Code   RO         4013    .ARM.Collect$$rtentry$$0000000D  c_w.l(__rtentry2.o)
    0x0800019a   0x0800019a   0x00000002   Code   RO         4128    .ARM.Collect$$rtexit$$00000000  c_w.l(rtexit.o)
    0x0800019c   0x0800019c   0x00000000   Code   RO         4135    .ARM.Collect$$rtexit$$00000002  c_w.l(rtexit2.o)
    0x0800019c   0x0800019c   0x00000004   Code   RO         4136    .ARM.Collect$$rtexit$$00000003  c_w.l(rtexit2.o)
    0x080001a0   0x080001a0   0x00000006   Code   RO         4137    .ARM.Collect$$rtexit$$00000004  c_w.l(rtexit2.o)
    0x080001a6   0x080001a6   0x00000002   PAD
    0x080001a8   0x080001a8   0x00000040   Code   RO            4    .text               startup_stm32f103xb.o
    0x080001e8   0x080001e8   0x00000028   Code   RO         3902    .text               c_w.l(noretval__2sprintf.o)
    0x08000210   0x08000210   0x00000034   Code   RO         3904    .text               c_w.l(noretval__2snprintf.o)
    0x08000244   0x08000244   0x0000004e   Code   RO         3908    .text               c_w.l(_printf_pad.o)
    0x08000292   0x08000292   0x00000002   PAD
    0x08000294   0x08000294   0x00000078   Code   RO         3910    .text               c_w.l(_printf_dec.o)
    0x0800030c   0x0800030c   0x00000138   Code   RO         3924    .text               c_w.l(__printf_flags_wp.o)
    0x08000444   0x08000444   0x0000003e   Code   RO         3935    .text               c_w.l(strlen.o)
    0x08000482   0x08000482   0x0000004e   Code   RO         3937    .text               c_w.l(rt_memclr_w.o)
    0x080004d0   0x080004d0   0x00000006   Code   RO         3939    .text               c_w.l(heapauxi.o)
    0x080004d6   0x080004d6   0x000000b2   Code   RO         3984    .text               c_w.l(_printf_intcommon.o)
    0x08000588   0x08000588   0x0000041e   Code   RO         3986    .text               c_w.l(_printf_fp_dec.o)
    0x080009a6   0x080009a6   0x00000002   PAD
    0x080009a8   0x080009a8   0x00000030   Code   RO         3988    .text               c_w.l(_printf_char_common.o)
    0x080009d8   0x080009d8   0x0000000a   Code   RO         3990    .text               c_w.l(_sputc.o)
    0x080009e2   0x080009e2   0x00000010   Code   RO         3992    .text               c_w.l(_snputc.o)
    0x080009f2   0x080009f2   0x00000002   PAD
    0x080009f4   0x080009f4   0x00000008   Code   RO         4024    .text               c_w.l(rt_locale_intlibspace.o)
    0x080009fc   0x080009fc   0x0000008a   Code   RO         4026    .text               c_w.l(lludiv10.o)
    0x08000a86   0x08000a86   0x00000002   PAD
    0x08000a88   0x08000a88   0x00000080   Code   RO         4028    .text               c_w.l(_printf_fp_infnan.o)
    0x08000b08   0x08000b08   0x000000e4   Code   RO         4032    .text               c_w.l(bigflt0.o)
    0x08000bec   0x08000bec   0x00000008   Code   RO         4066    .text               c_w.l(libspace.o)
    0x08000bf4   0x08000bf4   0x0000004a   Code   RO         4069    .text               c_w.l(sys_stackheap_outer.o)
    0x08000c3e   0x08000c3e   0x00000012   Code   RO         4071    .text               c_w.l(exit.o)
    0x08000c50   0x08000c50   0x00000080   Code   RO         4073    .text               c_w.l(strcmpv7m.o)
    0x08000cd0   0x08000cd0   0x0000000c   Code   RO         4147    .text               c_w.l(sys_exit.o)
    0x08000cdc   0x08000cdc   0x00000002   Code   RO         4158    .text               c_w.l(use_no_semi.o)
    0x08000cde   0x08000cde   0x00000000   Code   RO         4160    .text               c_w.l(indicate_semi.o)
    0x08000cde   0x08000cde   0x0000003e   Code   RO         4035    CL$$btod_d2e        c_w.l(btod.o)
    0x08000d1c   0x08000d1c   0x00000046   Code   RO         4037    CL$$btod_d2e_denorm_low  c_w.l(btod.o)
    0x08000d62   0x08000d62   0x00000060   Code   RO         4036    CL$$btod_d2e_norm_op1  c_w.l(btod.o)
    0x08000dc2   0x08000dc2   0x00000338   Code   RO         4045    CL$$btod_div_common  c_w.l(btod.o)
    0x080010fa   0x080010fa   0x000000dc   Code   RO         4042    CL$$btod_e2e        c_w.l(btod.o)
    0x080011d6   0x080011d6   0x0000002a   Code   RO         4039    CL$$btod_ediv       c_w.l(btod.o)
    0x08001200   0x08001200   0x0000002a   Code   RO         4038    CL$$btod_emul       c_w.l(btod.o)
    0x0800122a   0x0800122a   0x00000244   Code   RO         4044    CL$$btod_mult_common  c_w.l(btod.o)
    0x0800146e   0x0800146e   0x00000002   PAD
    0x08001470   0x08001470   0x00000056   Code   RO          833    i.ADC_ConversionStop_Disable  stm32f1xx_hal_adc.o
    0x080014c6   0x080014c6   0x00000002   PAD
    0x080014c8   0x080014c8   0x0000007c   Code   RO          837    i.ADC_Enable        stm32f1xx_hal_adc.o
    0x08001544   0x08001544   0x00000002   Code   RO          607    i.BusFault_Handler  stm32f1xx_it.o
    0x08001546   0x08001546   0x00000014   Code   RO           15    i.CLCD_I2C_Clear    clcd_i2c.o
    0x0800155a   0x0800155a   0x000000a2   Code   RO           18    i.CLCD_I2C_Init     clcd_i2c.o
    0x080015fc   0x080015fc   0x00000044   Code   RO           20    i.CLCD_I2C_SetCursor  clcd_i2c.o
    0x08001640   0x08001640   0x00000006   Code   RO           21    i.CLCD_I2C_WriteChar  clcd_i2c.o
    0x08001646   0x08001646   0x00000018   Code   RO           22    i.CLCD_I2C_WriteString  clcd_i2c.o
    0x0800165e   0x0800165e   0x0000006a   Code   RO           23    i.CLCD_WriteI2C     clcd_i2c.o
    0x080016c8   0x080016c8   0x00000004   Code   RO          193    i.DELAY_TIM_Init    delay_timer.o
    0x080016cc   0x080016cc   0x0000001e   Code   RO          194    i.DELAY_TIM_Ms      delay_timer.o
    0x080016ea   0x080016ea   0x00000010   Code   RO          195    i.DELAY_TIM_Us      delay_timer.o
    0x080016fa   0x080016fa   0x00000006   Code   RO          232    i.DS18B20_DelayMs   ds18b20.o
    0x08001700   0x08001700   0x00000006   Code   RO          233    i.DS18B20_DelayUs   ds18b20.o
    0x08001706   0x08001706   0x00000010   Code   RO          234    i.DS18B20_Init      ds18b20.o
    0x08001716   0x08001716   0x00000050   Code   RO          235    i.DS18B20_Read      ds18b20.o
    0x08001766   0x08001766   0x00000008   Code   RO          236    i.DS18B20_ReadPin   ds18b20.o
    0x0800176e   0x0800176e   0x00000062   Code   RO          237    i.DS18B20_ReadTemp  ds18b20.o
    0x080017d0   0x080017d0   0x0000001e   Code   RO          238    i.DS18B20_SetPinIn  ds18b20.o
    0x080017ee   0x080017ee   0x00000022   Code   RO          239    i.DS18B20_SetPinOut  ds18b20.o
    0x08001810   0x08001810   0x00000042   Code   RO          240    i.DS18B20_Start     ds18b20.o
    0x08001852   0x08001852   0x00000062   Code   RO          241    i.DS18B20_Write     ds18b20.o
    0x080018b4   0x080018b4   0x0000000c   Code   RO          242    i.DS18B20_WritePin  ds18b20.o
    0x080018c0   0x080018c0   0x00000070   Code   RO          311    i.DS3231_GetTime    ds3231.o
    0x08001930   0x08001930   0x0000000c   Code   RO          312    i.DS3231_Init       ds3231.o
    0x0800193c   0x0800193c   0x000000d0   Code   RO          313    i.DS3231_SetAlarm   ds3231.o
    0x08001a0c   0x08001a0c   0x00000068   Code   RO          315    i.DS3231_Temp_Conv  ds3231.o
    0x08001a74   0x08001a74   0x00000002   Code   RO          608    i.DebugMon_Handler  stm32f1xx_it.o
    0x08001a76   0x08001a76   0x00000008   Code   RO          609    i.EXTI15_10_IRQHandler  stm32f1xx_it.o
    0x08001a7e   0x08001a7e   0x00000006   Code   RO          610    i.EXTI1_IRQHandler  stm32f1xx_it.o
    0x08001a84   0x08001a84   0x00000006   Code   RO          611    i.EXTI3_IRQHandler  stm32f1xx_it.o
    0x08001a8a   0x08001a8a   0x00000006   Code   RO          612    i.EXTI4_IRQHandler  stm32f1xx_it.o
    0x08001a90   0x08001a90   0x00000014   Code   RO          613    i.EXTI9_5_IRQHandler  stm32f1xx_it.o
    0x08001aa4   0x08001aa4   0x000000fc   Code   RO          839    i.HAL_ADC_ConfigChannel  stm32f1xx_hal_adc.o
    0x08001ba0   0x08001ba0   0x00000006   Code   RO          846    i.HAL_ADC_GetValue  stm32f1xx_hal_adc.o
    0x08001ba6   0x08001ba6   0x00000002   PAD
    0x08001ba8   0x08001ba8   0x0000011c   Code   RO          848    i.HAL_ADC_Init      stm32f1xx_hal_adc.o
    0x08001cc4   0x08001cc4   0x00000058   Code   RO          720    i.HAL_ADC_MspInit   stm32f1xx_hal_msp.o
    0x08001d1c   0x08001d1c   0x0000013c   Code   RO          852    i.HAL_ADC_PollForConversion  stm32f1xx_hal_adc.o
    0x08001e58   0x08001e58   0x000000c0   Code   RO          854    i.HAL_ADC_Start     stm32f1xx_hal_adc.o
    0x08001f18   0x08001f18   0x00000034   Code   RO          857    i.HAL_ADC_Stop      stm32f1xx_hal_adc.o
    0x08001f4c   0x08001f4c   0x00000046   Code   RO         1490    i.HAL_DMA_Abort     stm32f1xx_hal_dma.o
    0x08001f92   0x08001f92   0x00000002   PAD
    0x08001f94   0x08001f94   0x00000098   Code   RO         1491    i.HAL_DMA_Abort_IT  stm32f1xx_hal_dma.o
    0x0800202c   0x0800202c   0x00000024   Code   RO         1116    i.HAL_Delay         stm32f1xx_hal.o
    0x08002050   0x08002050   0x00000040   Code   RO          456    i.HAL_GPIO_EXTI_Callback  main.o
    0x08002090   0x08002090   0x00000018   Code   RO         1425    i.HAL_GPIO_EXTI_IRQHandler  stm32f1xx_hal_gpio.o
    0x080020a8   0x080020a8   0x000001e0   Code   RO         1426    i.HAL_GPIO_Init     stm32f1xx_hal_gpio.o
    0x08002288   0x08002288   0x0000000a   Code   RO         1428    i.HAL_GPIO_ReadPin  stm32f1xx_hal_gpio.o
    0x08002292   0x08002292   0x00000010   Code   RO         1429    i.HAL_GPIO_TogglePin  stm32f1xx_hal_gpio.o
    0x080022a2   0x080022a2   0x0000000a   Code   RO         1430    i.HAL_GPIO_WritePin  stm32f1xx_hal_gpio.o
    0x080022ac   0x080022ac   0x0000000c   Code   RO         1120    i.HAL_GetTick       stm32f1xx_hal.o
    0x080022b8   0x080022b8   0x00000188   Code   RO         2097    i.HAL_I2C_Init      stm32f1xx_hal_i2c.o
    0x08002440   0x08002440   0x0000012c   Code   RO         2110    i.HAL_I2C_Master_Transmit  stm32f1xx_hal_i2c.o
    0x0800256c   0x0800256c   0x0000025c   Code   RO         2115    i.HAL_I2C_Mem_Read  stm32f1xx_hal_i2c.o
    0x080027c8   0x080027c8   0x00000130   Code   RO         2118    i.HAL_I2C_Mem_Write  stm32f1xx_hal_i2c.o
    0x080028f8   0x080028f8   0x00000098   Code   RO          722    i.HAL_I2C_MspInit   stm32f1xx_hal_msp.o
    0x08002990   0x08002990   0x00000010   Code   RO         1126    i.HAL_IncTick       stm32f1xx_hal.o
    0x080029a0   0x080029a0   0x00000024   Code   RO         1127    i.HAL_Init          stm32f1xx_hal.o
    0x080029c4   0x080029c4   0x00000040   Code   RO         1128    i.HAL_InitTick      stm32f1xx_hal.o
    0x08002a04   0x08002a04   0x0000003c   Code   RO          723    i.HAL_MspInit       stm32f1xx_hal_msp.o
    0x08002a40   0x08002a40   0x0000001a   Code   RO         1586    i.HAL_NVIC_EnableIRQ  stm32f1xx_hal_cortex.o
    0x08002a5a   0x08002a5a   0x00000002   PAD
    0x08002a5c   0x08002a5c   0x00000040   Code   RO         1592    i.HAL_NVIC_SetPriority  stm32f1xx_hal_cortex.o
    0x08002a9c   0x08002a9c   0x00000024   Code   RO         1593    i.HAL_NVIC_SetPriorityGrouping  stm32f1xx_hal_cortex.o
    0x08002ac0   0x08002ac0   0x000000a4   Code   RO         1387    i.HAL_RCCEx_GetPeriphCLKFreq  stm32f1xx_hal_rcc_ex.o
    0x08002b64   0x08002b64   0x000000ec   Code   RO         1388    i.HAL_RCCEx_PeriphCLKConfig  stm32f1xx_hal_rcc_ex.o
    0x08002c50   0x08002c50   0x0000012c   Code   RO         1284    i.HAL_RCC_ClockConfig  stm32f1xx_hal_rcc.o
    0x08002d7c   0x08002d7c   0x00000020   Code   RO         1291    i.HAL_RCC_GetPCLK1Freq  stm32f1xx_hal_rcc.o
    0x08002d9c   0x08002d9c   0x00000020   Code   RO         1292    i.HAL_RCC_GetPCLK2Freq  stm32f1xx_hal_rcc.o
    0x08002dbc   0x08002dbc   0x0000004c   Code   RO         1293    i.HAL_RCC_GetSysClockFreq  stm32f1xx_hal_rcc.o
    0x08002e08   0x08002e08   0x00000320   Code   RO         1296    i.HAL_RCC_OscConfig  stm32f1xx_hal_rcc.o
    0x08003128   0x08003128   0x00000028   Code   RO          457    i.HAL_SYSTICK_Callback  main.o
    0x08003150   0x08003150   0x00000028   Code   RO         1597    i.HAL_SYSTICK_Config  stm32f1xx_hal_cortex.o
    0x08003178   0x08003178   0x00000008   Code   RO         1598    i.HAL_SYSTICK_IRQHandler  stm32f1xx_hal_cortex.o
    0x08003180   0x08003180   0x00000068   Code   RO         3248    i.HAL_TIMEx_MasterConfigSynchronization  stm32f1xx_hal_tim_ex.o
    0x080031e8   0x080031e8   0x0000005a   Code   RO         2525    i.HAL_TIM_Base_Init  stm32f1xx_hal_tim.o
    0x08003242   0x08003242   0x00000002   PAD
    0x08003244   0x08003244   0x00000058   Code   RO          725    i.HAL_TIM_Base_MspInit  stm32f1xx_hal_msp.o
    0x0800329c   0x0800329c   0x00000050   Code   RO         2528    i.HAL_TIM_Base_Start  stm32f1xx_hal_tim.o
    0x080032ec   0x080032ec   0x000000dc   Code   RO         2534    i.HAL_TIM_ConfigClockSource  stm32f1xx_hal_tim.o
    0x080033c8   0x080033c8   0x0000004c   Code   RO          726    i.HAL_TIM_MspPostInit  stm32f1xx_hal_msp.o
    0x08003414   0x08003414   0x000000cc   Code   RO         2597    i.HAL_TIM_PWM_ConfigChannel  stm32f1xx_hal_tim.o
    0x080034e0   0x080034e0   0x0000005a   Code   RO         2600    i.HAL_TIM_PWM_Init  stm32f1xx_hal_tim.o
    0x0800353a   0x0800353a   0x00000002   Code   RO         2602    i.HAL_TIM_PWM_MspInit  stm32f1xx_hal_tim.o
    0x0800353c   0x0800353c   0x0000009c   Code   RO         2605    i.HAL_TIM_PWM_Start  stm32f1xx_hal_tim.o
    0x080035d8   0x080035d8   0x00000002   Code   RO         3508    i.HAL_UARTEx_RxEventCallback  stm32f1xx_hal_uart.o
    0x080035da   0x080035da   0x00000002   Code   RO         3522    i.HAL_UART_ErrorCallback  stm32f1xx_hal_uart.o
    0x080035dc   0x080035dc   0x0000026c   Code   RO         3525    i.HAL_UART_IRQHandler  stm32f1xx_hal_uart.o
    0x08003848   0x08003848   0x00000064   Code   RO         3526    i.HAL_UART_Init     stm32f1xx_hal_uart.o
    0x080038ac   0x080038ac   0x00000080   Code   RO          728    i.HAL_UART_MspInit  stm32f1xx_hal_msp.o
    0x0800392c   0x0800392c   0x0000001c   Code   RO         3531    i.HAL_UART_Receive_IT  stm32f1xx_hal_uart.o
    0x08003948   0x08003948   0x0000006c   Code   RO          458    i.HAL_UART_RxCpltCallback  main.o
    0x080039b4   0x080039b4   0x000000a0   Code   RO         3534    i.HAL_UART_Transmit  stm32f1xx_hal_uart.o
    0x08003a54   0x08003a54   0x00000002   Code   RO         3537    i.HAL_UART_TxCpltCallback  stm32f1xx_hal_uart.o
    0x08003a56   0x08003a56   0x00000002   PAD
    0x08003a58   0x08003a58   0x000000a8   Code   RO          459    i.HCSR04_Read       main.o
    0x08003b00   0x08003b00   0x00000002   Code   RO          614    i.HardFault_Handler  stm32f1xx_it.o
    0x08003b02   0x08003b02   0x0000002e   Code   RO         2140    i.I2C_IsAcknowledgeFailed  stm32f1xx_hal_i2c.o
    0x08003b30   0x08003b30   0x0000009c   Code   RO         2144    i.I2C_MasterRequestWrite  stm32f1xx_hal_i2c.o
    0x08003bcc   0x08003bcc   0x000000fc   Code   RO         2150    i.I2C_RequestMemoryRead  stm32f1xx_hal_i2c.o
    0x08003cc8   0x08003cc8   0x000000a8   Code   RO         2151    i.I2C_RequestMemoryWrite  stm32f1xx_hal_i2c.o
    0x08003d70   0x08003d70   0x00000056   Code   RO         2155    i.I2C_WaitOnBTFFlagUntilTimeout  stm32f1xx_hal_i2c.o
    0x08003dc6   0x08003dc6   0x00000002   PAD
    0x08003dc8   0x08003dc8   0x00000090   Code   RO         2156    i.I2C_WaitOnFlagUntilTimeout  stm32f1xx_hal_i2c.o
    0x08003e58   0x08003e58   0x000000bc   Code   RO         2157    i.I2C_WaitOnMasterAddressFlagUntilTimeout  stm32f1xx_hal_i2c.o
    0x08003f14   0x08003f14   0x00000070   Code   RO         2158    i.I2C_WaitOnRXNEFlagUntilTimeout  stm32f1xx_hal_i2c.o
    0x08003f84   0x08003f84   0x00000056   Code   RO         2159    i.I2C_WaitOnTXEFlagUntilTimeout  stm32f1xx_hal_i2c.o
    0x08003fda   0x08003fda   0x00000002   PAD
    0x08003fdc   0x08003fdc   0x00000378   Code   RO          460    i.LCD_Update        main.o
    0x08004354   0x08004354   0x0000004c   Code   RO          461    i.MX_ADC1_Init      main.o
    0x080043a0   0x080043a0   0x0000016c   Code   RO          462    i.MX_GPIO_Init      main.o
    0x0800450c   0x0800450c   0x00000068   Code   RO          463    i.MX_TIM1_Init      main.o
    0x08004574   0x08004574   0x00000064   Code   RO          464    i.MX_TIM2_Init      main.o
    0x080045d8   0x080045d8   0x00000098   Code   RO          465    i.MX_TIM4_Init      main.o
    0x08004670   0x08004670   0x00000002   Code   RO          615    i.MemManage_Handler  stm32f1xx_it.o
    0x08004672   0x08004672   0x00000002   Code   RO          616    i.NMI_Handler       stm32f1xx_it.o
    0x08004674   0x08004674   0x00000002   Code   RO          617    i.PendSV_Handler    stm32f1xx_it.o
    0x08004676   0x08004676   0x00000002   PAD
    0x08004678   0x08004678   0x00000038   Code   RO          467    i.Read_ADC_Avg      main.o
    0x080046b0   0x080046b0   0x00000002   Code   RO          618    i.SVC_Handler       stm32f1xx_it.o
    0x080046b2   0x080046b2   0x0000000e   Code   RO          619    i.SysTick_Handler   stm32f1xx_it.o
    0x080046c0   0x080046c0   0x00000078   Code   RO          468    i.SystemClock_Config  main.o
    0x08004738   0x08004738   0x00000002   Code   RO         3860    i.SystemInit        system_stm32f1xx.o
    0x0800473a   0x0800473a   0x00000002   PAD
    0x0800473c   0x0800473c   0x00000078   Code   RO         2618    i.TIM_Base_SetConfig  stm32f1xx_hal_tim.o
    0x080047b4   0x080047b4   0x0000001a   Code   RO         2619    i.TIM_CCxChannelCmd  stm32f1xx_hal_tim.o
    0x080047ce   0x080047ce   0x00000014   Code   RO         2629    i.TIM_ETR_SetConfig  stm32f1xx_hal_tim.o
    0x080047e2   0x080047e2   0x00000010   Code   RO         2630    i.TIM_ITRx_SetConfig  stm32f1xx_hal_tim.o
    0x080047f2   0x080047f2   0x00000002   PAD
    0x080047f4   0x080047f4   0x00000050   Code   RO         2631    i.TIM_OC1_SetConfig  stm32f1xx_hal_tim.o
    0x08004844   0x08004844   0x00000058   Code   RO         2632    i.TIM_OC2_SetConfig  stm32f1xx_hal_tim.o
    0x0800489c   0x0800489c   0x00000058   Code   RO         2633    i.TIM_OC3_SetConfig  stm32f1xx_hal_tim.o
    0x080048f4   0x080048f4   0x00000044   Code   RO         2634    i.TIM_OC4_SetConfig  stm32f1xx_hal_tim.o
    0x08004938   0x08004938   0x00000022   Code   RO         2636    i.TIM_TI1_ConfigInputStage  stm32f1xx_hal_tim.o
    0x0800495a   0x0800495a   0x00000024   Code   RO         2638    i.TIM_TI2_ConfigInputStage  stm32f1xx_hal_tim.o
    0x0800497e   0x0800497e   0x00000010   Code   RO         3539    i.UART_DMAAbortOnError  stm32f1xx_hal_uart.o
    0x0800498e   0x0800498e   0x0000004e   Code   RO         3549    i.UART_EndRxTransfer  stm32f1xx_hal_uart.o
    0x080049dc   0x080049dc   0x000000c2   Code   RO         3551    i.UART_Receive_IT   stm32f1xx_hal_uart.o
    0x08004a9e   0x08004a9e   0x00000002   PAD
    0x08004aa0   0x08004aa0   0x000000b8   Code   RO         3552    i.UART_SetConfig    stm32f1xx_hal_uart.o
    0x08004b58   0x08004b58   0x00000036   Code   RO         3554    i.UART_Start_Receive_IT  stm32f1xx_hal_uart.o
    0x08004b8e   0x08004b8e   0x00000072   Code   RO         3555    i.UART_WaitOnFlagUntilTimeout  stm32f1xx_hal_uart.o
    0x08004c00   0x08004c00   0x0000000c   Code   RO          620    i.USART1_IRQHandler  stm32f1xx_it.o
    0x08004c0c   0x08004c0c   0x00000002   Code   RO          621    i.UsageFault_Handler  stm32f1xx_it.o
    0x08004c0e   0x08004c0e   0x00000028   Code   RO         4064    i.__ARM_fpclassify  m_ws.l(fpclassify.o)
    0x08004c36   0x08004c36   0x00000020   Code   RO         1599    i.__NVIC_SetPriority  stm32f1xx_hal_cortex.o
    0x08004c56   0x08004c56   0x0000000e   Code   RO         3922    i._is_digit         c_w.l(__printf_wp.o)
    0x08004c64   0x08004c64   0x00000010   Code   RO          316    i.bcdToDec          ds3231.o
    0x08004c74   0x08004c74   0x00000016   Code   RO          317    i.decToBcd          ds3231.o
    0x08004c8a   0x08004c8a   0x00000002   PAD
    0x08004c8c   0x08004c8c   0x00000020   Code   RO          381    i.feeding_Alarm     feeding.o
    0x08004cac   0x08004cac   0x00000040   Code   RO          382    i.feeding_Handler   feeding.o
    0x08004cec   0x08004cec   0x00000114   Code   RO          383    i.feeding_ISR       feeding.o
    0x08004e00   0x08004e00   0x00000068   Code   RO          384    i.feeding_Init      feeding.o
    0x08004e68   0x08004e68   0x0000004c   Code   RO          385    i.feeding_Servo_Angle  feeding.o
    0x08004eb4   0x08004eb4   0x0000002c   Code   RO          386    i.feeding_Servo_Spin  feeding.o
    0x08004ee0   0x08004ee0   0x0000005c   Code   RO          469    i.handle_turbidity_warning  main.o
    0x08004f3c   0x08004f3c   0x000000b4   Code   RO          470    i.handle_uart_transmission  main.o
    0x08004ff0   0x08004ff0   0x0000010c   Code   RO          471    i.main              main.o
    0x080050fc   0x080050fc   0x00000048   Code   RO          472    i.measure_food_level  main.o
    0x08005144   0x08005144   0x0000007c   Code   RO          473    i.process_turbidity  main.o
    0x080051c0   0x080051c0   0x00000020   Code   RO          474    i.read_sensors_data  main.o
    0x080051e0   0x080051e0   0x0000002c   Code   RO         4058    locale$$code        c_w.l(lc_numeric_c.o)
    0x0800520c   0x0800520c   0x00000062   Code   RO         3943    x$fpl$d2f           fz_ws.l(d2f.o)
    0x0800526e   0x0800526e   0x00000002   PAD
    0x08005270   0x08005270   0x00000010   Code   RO         3995    x$fpl$dcheck1       fz_ws.l(dcheck1.o)
    0x08005280   0x08005280   0x00000154   Code   RO         3957    x$fpl$dmul          fz_ws.l(dmul.o)
    0x080053d4   0x080053d4   0x0000009c   Code   RO         3997    x$fpl$dnaninf       fz_ws.l(dnaninf.o)
    0x08005470   0x08005470   0x0000000c   Code   RO         3999    x$fpl$dretinf       fz_ws.l(dretinf.o)
    0x0800547c   0x0800547c   0x00000056   Code   RO         3959    x$fpl$f2d           fz_ws.l(f2d.o)
    0x080054d2   0x080054d2   0x00000002   PAD
    0x080054d4   0x080054d4   0x000000c4   Code   RO         3961    x$fpl$fadd          fz_ws.l(faddsub_clz.o)
    0x08005598   0x08005598   0x00000184   Code   RO         3968    x$fpl$fdiv          fz_ws.l(fdiv.o)
    0x0800571c   0x0800571c   0x00000026   Code   RO         3971    x$fpl$ffltu         fz_ws.l(fflt_clz.o)
    0x08005742   0x08005742   0x00000002   PAD
    0x08005744   0x08005744   0x00000102   Code   RO         3977    x$fpl$fmul          fz_ws.l(fmul.o)
    0x08005846   0x08005846   0x0000008c   Code   RO         4001    x$fpl$fnaninf       fz_ws.l(fnaninf.o)
    0x080058d2   0x080058d2   0x0000000a   Code   RO         4003    x$fpl$fretinf       fz_ws.l(fretinf.o)
    0x080058dc   0x080058dc   0x000000ea   Code   RO         3963    x$fpl$fsub          fz_ws.l(faddsub_clz.o)
    0x080059c6   0x080059c6   0x00000004   Code   RO         3979    x$fpl$printf1       fz_ws.l(printf1.o)
    0x080059ca   0x080059ca   0x00000064   Code   RO         4062    x$fpl$retnan        fz_ws.l(retnan.o)
    0x08005a2e   0x08005a2e   0x0000005c   Code   RO         3981    x$fpl$scalbn        fz_ws.l(scalbn.o)
    0x08005a8a   0x08005a8a   0x00000030   Code   RO         4126    x$fpl$trapveneer    fz_ws.l(trapv.o)
    0x08005aba   0x08005aba   0x00000000   Code   RO         4005    x$fpl$usenofp       fz_ws.l(usenofp.o)
    0x08005aba   0x08005aba   0x00000012   Data   RO         1297    .constdata          stm32f1xx_hal_rcc.o
    0x08005acc   0x08005acc   0x00000012   Data   RO         1389    .constdata          stm32f1xx_hal_rcc_ex.o
    0x08005ade   0x08005ade   0x00000010   Data   RO         3861    .constdata          system_stm32f1xx.o
    0x08005aee   0x08005aee   0x00000008   Data   RO         3862    .constdata          system_stm32f1xx.o
    0x08005af6   0x08005af6   0x00000011   Data   RO         3925    .constdata          c_w.l(__printf_flags_wp.o)
    0x08005b07   0x08005b07   0x00000001   PAD
    0x08005b08   0x08005b08   0x00000094   Data   RO         4033    .constdata          c_w.l(bigflt0.o)
    0x08005b9c   0x08005b9c   0x00000020   Data   RO         4207    Region$$Table       anon$$obj.o
    0x08005bbc   0x08005bbc   0x0000001c   Data   RO         4057    locale$$data        c_w.l(lc_numeric_c.o)


    Execution Region RW_IRAM1 (Exec base: 0x20000000, Load base: 0x08005bd8, Size: 0x00000950, Max: 0x00005000, ABSOLUTE)

    Exec Addr    Load Addr    Size         Type   Attr      Idx    E Section Name        Object

    0x20000000   0x08005bd8   0x00000004   Data   RW          318    .data               ds3231.o
    0x20000004   0x08005bdc   0x0000000c   Data   RW          387    .data               feeding.o
    0x20000010   0x08005be8   0x00000054   Data   RW          478    .data               main.o
    0x20000064   0x08005c3c   0x0000000c   Data   RW         1134    .data               stm32f1xx_hal.o
    0x20000070   0x08005c48   0x00000004   Data   RW         3863    .data               system_stm32f1xx.o
    0x20000074        -       0x00000278   Zero   RW          475    .bss                main.o
    0x200002ec        -       0x00000060   Zero   RW         4067    .bss                c_w.l(libspace.o)
    0x2000034c   0x08005c4c   0x00000004   PAD
    0x20000350        -       0x00000200   Zero   RW            2    HEAP                startup_stm32f103xb.o
    0x20000550        -       0x00000400   Zero   RW            1    STACK               startup_stm32f103xb.o


==============================================================================

Image component sizes


      Code (inc. data)   RO Data    RW Data    ZI Data      Debug   Object Name

       386          0          0          0          0     454426   clcd_i2c.o
        50          0          0          0          0       1883   delay_timer.o
       454          0          0          0          0       7282   ds18b20.o
       474         18          0          4          0       4225   ds3231.o
       596         46          0         12          0       4758   feeding.o
      3008        624          0         84        632      14330   main.o
        64         26        236          0       1536        832   startup_stm32f103xb.o
       164         28          0         12          0       6061   stm32f1xx_hal.o
      1312         54          0          0          0       7407   stm32f1xx_hal_adc.o
       206         14          0          0          0      29612   stm32f1xx_hal_cortex.o
       222          4          0          0          0       1831   stm32f1xx_hal_dma.o
       540         40          0          0          0       4847   stm32f1xx_hal_gpio.o
      2838         72          0          0          0      15268   stm32f1xx_hal_i2c.o
       592         76          0          0          0       4490   stm32f1xx_hal_msp.o
      1240         84         18          0          0       5232   stm32f1xx_hal_rcc.o
       400         28         18          0          0       2525   stm32f1xx_hal_rcc_ex.o
      1418         58          0          0          0      13361   stm32f1xx_hal_tim.o
       104         12          0          0          0       1396   stm32f1xx_hal_tim_ex.o
      1554         10          0          0          0      11236   stm32f1xx_hal_uart.o
        88          6          0          0          0       6863   stm32f1xx_it.o
         2          0         24          4          0       1179   system_stm32f1xx.o

    ----------------------------------------------------------------------
     15738       1200        328        116       2168     599044   Object Totals
         0          0         32          0          0          0   (incl. Generated)
        26          0          0          0          0          0   (incl. Padding)

    ----------------------------------------------------------------------

      Code (inc. data)   RO Data    RW Data    ZI Data      Debug   Library Member Name

         8          0          0          0          0         68   __main.o
       312          4         17          0          0         92   __printf_flags_wp.o
        14          0          0          0          0         68   __printf_wp.o
         0          0          0          0          0          0   __rtentry.o
        12          0          0          0          0          0   __rtentry2.o
         6          0          0          0          0          0   __rtentry4.o
        52          8          0          0          0          0   __scatter.o
        26          0          0          0          0          0   __scatter_copy.o
        28          0          0          0          0          0   __scatter_zi.o
        48          6          0          0          0         96   _printf_char_common.o
         6          0          0          0          0          0   _printf_d.o
       120         16          0          0          0         92   _printf_dec.o
         6          0          0          0          0          0   _printf_f.o
      1054          0          0          0          0        216   _printf_fp_dec.o
       128         16          0          0          0         84   _printf_fp_infnan.o
       178          0          0          0          0         88   _printf_intcommon.o
        78          0          0          0          0        108   _printf_pad.o
         0          0          0          0          0          0   _printf_percent.o
         4          0          0          0          0          0   _printf_percent_end.o
        16          0          0          0          0         68   _snputc.o
        10          0          0          0          0         68   _sputc.o
       228          4        148          0          0         96   bigflt0.o
      1936        128          0          0          0        672   btod.o
        18          0          0          0          0         80   exit.o
         6          0          0          0          0        152   heapauxi.o
         0          0          0          0          0          0   indicate_semi.o
        44         10         28          0          0         76   lc_numeric_c.o
         2          0          0          0          0          0   libinit.o
        18          0          0          0          0          0   libinit2.o
         2          0          0          0          0          0   libshutdown.o
         2          0          0          0          0          0   libshutdown2.o
         8          4          0          0         96         68   libspace.o
       138          0          0          0          0         80   lludiv10.o
        52          4          0          0          0         84   noretval__2snprintf.o
        40          6          0          0          0         84   noretval__2sprintf.o
         8          4          0          0          0         68   rt_locale_intlibspace.o
        78          0          0          0          0         80   rt_memclr_w.o
         2          0          0          0          0          0   rtexit.o
        10          0          0          0          0          0   rtexit2.o
       128          0          0          0          0         68   strcmpv7m.o
        62          0          0          0          0         76   strlen.o
        12          4          0          0          0         68   sys_exit.o
        74          0          0          0          0         80   sys_stackheap_outer.o
         2          0          0          0          0         68   use_no_semi.o
        98          4          0          0          0         92   d2f.o
        16          4          0          0          0         68   dcheck1.o
       340         12          0          0          0        104   dmul.o
       156          4          0          0          0         92   dnaninf.o
        12          0          0          0          0         68   dretinf.o
        86          4          0          0          0         84   f2d.o
       430          8          0          0          0        168   faddsub_clz.o
       388         76          0          0          0         96   fdiv.o
        38          0          0          0          0         68   fflt_clz.o
       258          4          0          0          0         84   fmul.o
       140          4          0          0          0         84   fnaninf.o
        10          0          0          0          0         68   fretinf.o
         4          0          0          0          0         68   printf1.o
       100          0          0          0          0         68   retnan.o
        92          0          0          0          0         68   scalbn.o
        48          0          0          0          0         68   trapv.o
         0          0          0          0          0          0   usenofp.o
        40          0          0          0          0         68   fpclassify.o

    ----------------------------------------------------------------------
      7252        334        194          0        100       4364   Library Totals
        20          0          1          0          4          0   (incl. Padding)

    ----------------------------------------------------------------------

      Code (inc. data)   RO Data    RW Data    ZI Data      Debug   Library Name

      4976        214        193          0         96       2948   c_w.l
      2216        120          0          0          0       1348   fz_ws.l
        40          0          0          0          0         68   m_ws.l

    ----------------------------------------------------------------------
      7252        334        194          0        100       4364   Library Totals

    ----------------------------------------------------------------------

==============================================================================


      Code (inc. data)   RO Data    RW Data    ZI Data      Debug   

     22990       1534        522        116       2268     593420   Grand Totals
     22990       1534        522        116       2268     593420   ELF Image Totals
     22990       1534        522        116          0          0   ROM Totals

==============================================================================

    Total RO  Size (Code + RO Data)                23512 (  22.96kB)
    Total RW  Size (RW Data + ZI Data)              2384 (   2.33kB)
    Total ROM Size (Code + RO Data + RW Data)      23628 (  23.07kB)

==============================================================================

